-- The C compiler identification is GNU 13.3.0
-- The CXX compiler identification is GNU 13.3.0
-- Detecting C compiler ABI info
-- Detecting C compiler ABI info - done
-- Check for working C compiler: /usr/bin/cc - skipped
-- Detecting C compile features
-- Detecting C compile features - done
-- Detecting CXX compiler ABI info
-- Detecting CXX compiler ABI info - done
-- Check for working CXX compiler: /usr/bin/c++ - skipped
-- Detecting CXX compile features
-- Detecting CXX compile features - done
-- Found ament_cmake: 2.5.6 (/opt/ros/jazzy/share/ament_cmake/cmake)
-- Found Python3: /usr/bin/python3 (found version "3.12.3") found components: Interpreter 
-- Found rosidl_default_generators: 1.6.1 (/opt/ros/jazzy/share/rosidl_default_generators/cmake)
-- Using all available rosidl_typesupport_c: rosidl_typesupport_fastrtps_c;rosidl_typesupport_introspection_c
-- Using all available rosidl_typesupport_cpp: rosidl_typesupport_fastrtps_cpp;rosidl_typesupport_introspection_cpp
-- Found rosidl_adapter: 4.6.9 (/opt/ros/jazzy/share/rosidl_adapter/cmake)
-- Found ament_cmake_ros: 0.12.1 (/opt/ros/jazzy/share/ament_cmake_ros/cmake)
-- Using all available rosidl_typesupport_c: rosidl_typesupport_fastrtps_c;rosidl_typesupport_introspection_c
-- Using all available rosidl_typesupport_cpp: rosidl_typesupport_fastrtps_cpp;rosidl_typesupport_introspection_cpp
-- Found python_cmake_module: 0.11.1 (/opt/ros/jazzy/share/python_cmake_module/cmake)
-- Found PythonExtra: /usr/bin/python3  
-- Found Python3: /usr/bin/python3 (found version "3.12.3") found components: Interpreter Development NumPy Development.Module Development.Embed 
-- Found Python3: /usr/bin/python3 (found version "3.12.3") found components: Interpreter 
-- Found ament_lint_auto: 0.17.5 (/opt/ros/jazzy/share/ament_lint_auto/cmake)
-- Added test 'lint_cmake' to check CMake code style
-- Added test 'xmllint' to check XML markup files
-- Configuring done (2.6s)
-- Generating done (0.0s)
-- Build files have been written to: /home/kevin/LightChaser-Training-34/ros_ws/build/message_interface
[  2%] [34m[1mGenerating type hashes for ROS interfaces[0m
[  5%] [34m[1mGenerating Rust code for ROS interfaces[0m
[  5%] Built target ament_cmake_python_copy_message_interface
[  5%] Built target message_interface__rosidl_generator_type_description
[  8%] [34m[1mGenerating C code for ROS interfaces[0m
[  8%] Built target message_interface__rs
[ 11%] [34m[1mGenerating C++ code for ROS interfaces[0m
running egg_info
creating message_interface.egg-info
writing message_interface.egg-info/PKG-INFO
writing dependency_links to message_interface.egg-info/dependency_links.txt
writing top-level names to message_interface.egg-info/top_level.txt
writing manifest file 'message_interface.egg-info/SOURCES.txt'
reading manifest file 'message_interface.egg-info/SOURCES.txt'
writing manifest file 'message_interface.egg-info/SOURCES.txt'
[ 11%] Built target ament_cmake_python_build_message_interface_egg
[ 11%] Built target message_interface__cpp
[ 14%] [32mBuilding C object CMakeFiles/message_interface__rosidl_generator_c.dir/rosidl_generator_c/message_interface/msg/detail/node_message__description.c.o[0m
[ 17%] [32mBuilding C object CMakeFiles/message_interface__rosidl_generator_c.dir/rosidl_generator_c/message_interface/msg/detail/node_message__functions.c.o[0m
[ 20%] [32mBuilding C object CMakeFiles/message_interface__rosidl_generator_c.dir/rosidl_generator_c/message_interface/msg/detail/node_message__type_support.c.o[0m
[ 22%] [32m[1mLinking C shared library libmessage_interface__rosidl_generator_c.so[0m
[ 22%] Built target message_interface__rosidl_generator_c
[ 25%] [34m[1mGenerating C++ type support for eProsima Fast-RTPS[0m
[ 28%] [34m[1mGenerating C++ introspection for ROS interfaces[0m
[ 31%] [34m[1mGenerating C++ type support dispatch for ROS interfaces[0m
[ 34%] [34m[1mGenerating C type support for eProsima Fast-RTPS[0m
[ 40%] [34m[1mGenerating C introspection for ROS interfaces[0m
[ 40%] [34m[1mGenerating C type support dispatch for ROS interfaces[0m
[ 42%] [32mBuilding CXX object CMakeFiles/message_interface__rosidl_typesupport_cpp.dir/rosidl_typesupport_cpp/message_interface/msg/node_message__type_support.cpp.o[0m
[ 45%] [32mBuilding CXX object CMakeFiles/message_interface__rosidl_typesupport_c.dir/rosidl_typesupport_c/message_interface/msg/node_message__type_support.cpp.o[0m
[ 48%] [32mBuilding CXX object CMakeFiles/message_interface__rosidl_typesupport_introspection_cpp.dir/rosidl_typesupport_introspection_cpp/message_interface/msg/detail/node_message__type_support.cpp.o[0m
[ 51%] [32mBuilding CXX object CMakeFiles/message_interface__rosidl_typesupport_fastrtps_cpp.dir/rosidl_typesupport_fastrtps_cpp/message_interface/msg/detail/dds_fastrtps/node_message__type_support.cpp.o[0m
[ 54%] [32mBuilding C object CMakeFiles/message_interface__rosidl_typesupport_introspection_c.dir/rosidl_typesupport_introspection_c/message_interface/msg/detail/node_message__type_support.c.o[0m
[ 57%] [32mBuilding CXX object CMakeFiles/message_interface__rosidl_typesupport_fastrtps_c.dir/rosidl_typesupport_fastrtps_c/message_interface/msg/detail/node_message__type_support_c.cpp.o[0m
[ 60%] [32m[1mLinking CXX shared library libmessage_interface__rosidl_typesupport_c.so[0m
[ 62%] [32m[1mLinking C shared library libmessage_interface__rosidl_typesupport_introspection_c.so[0m
[ 62%] Built target message_interface__rosidl_typesupport_c
[ 62%] Built target message_interface__rosidl_typesupport_introspection_c
[ 65%] [32m[1mLinking CXX shared library libmessage_interface__rosidl_typesupport_cpp.so[0m
[ 68%] [32m[1mLinking CXX shared library libmessage_interface__rosidl_typesupport_introspection_cpp.so[0m
[ 68%] Built target message_interface__rosidl_typesupport_cpp
[ 68%] Built target message_interface__rosidl_typesupport_introspection_cpp
[ 71%] [32m[1mLinking CXX shared library libmessage_interface__rosidl_typesupport_fastrtps_cpp.so[0m
[ 74%] [32m[1mLinking CXX shared library libmessage_interface__rosidl_typesupport_fastrtps_c.so[0m
[ 74%] Built target message_interface__rosidl_typesupport_fastrtps_cpp
[ 74%] Built target message_interface__rosidl_typesupport_fastrtps_c
[ 74%] Built target message_interface
[ 77%] [34m[1mGenerating Python code for ROS interfaces[0m
[ 77%] Built target message_interface__py
[ 80%] [32mBuilding C object CMakeFiles/message_interface__rosidl_generator_py.dir/rosidl_generator_py/message_interface/msg/_node_message_s.c.o[0m
[ 82%] [32m[1mLinking C shared library libmessage_interface__rosidl_generator_py.so[0m
[ 82%] Built target message_interface__rosidl_generator_py
[ 85%] [32mBuilding C object CMakeFiles/message_interface_s__rosidl_typesupport_introspection_c.dir/rosidl_generator_py/message_interface/_message_interface_s.ep.rosidl_typesupport_introspection_c.c.o[0m
[ 88%] [32mBuilding C object CMakeFiles/message_interface_s__rosidl_typesupport_fastrtps_c.dir/rosidl_generator_py/message_interface/_message_interface_s.ep.rosidl_typesupport_fastrtps_c.c.o[0m
[ 91%] [32mBuilding C object CMakeFiles/message_interface_s__rosidl_typesupport_c.dir/rosidl_generator_py/message_interface/_message_interface_s.ep.rosidl_typesupport_c.c.o[0m
[ 94%] [32m[1mLinking C shared module rosidl_generator_py/message_interface/message_interface_s__rosidl_typesupport_fastrtps_c.so[0m
[ 97%] [32m[1mLinking C shared module rosidl_generator_py/message_interface/message_interface_s__rosidl_typesupport_c.so[0m
[100%] [32m[1mLinking C shared module rosidl_generator_py/message_interface/message_interface_s__rosidl_typesupport_introspection_c.so[0m
[100%] Built target message_interface_s__rosidl_typesupport_c
[100%] Built target message_interface_s__rosidl_typesupport_fastrtps_c
[100%] Built target message_interface_s__rosidl_typesupport_introspection_c
-- Install configuration: ""
-- Installing: /home/kevin/LightChaser-Training-34/ros_ws/install/message_interface/share/ament_index/resource_index/rosidl_interfaces/message_interface
-- Installing: /home/kevin/LightChaser-Training-34/ros_ws/install/message_interface/share/message_interface/msg/NodeMessage.json
-- Installing: /home/kevin/LightChaser-Training-34/ros_ws/install/message_interface/include/message_interface/message_interface
-- Installing: /home/kevin/LightChaser-Training-34/ros_ws/install/message_interface/include/message_interface/message_interface/msg
-- Installing: /home/kevin/LightChaser-Training-34/ros_ws/install/message_interface/include/message_interface/message_interface/msg/rosidl_generator_c__visibility_control.h
-- Installing: /home/kevin/LightChaser-Training-34/ros_ws/install/message_interface/include/message_interface/message_interface/msg/node_message.h
-- Installing: /home/kevin/LightChaser-Training-34/ros_ws/install/message_interface/include/message_interface/message_interface/msg/detail
-- Installing: /home/kevin/LightChaser-Training-34/ros_ws/install/message_interface/include/message_interface/message_interface/msg/detail/node_message__functions.h
-- Installing: /home/kevin/LightChaser-Training-34/ros_ws/install/message_interface/include/message_interface/message_interface/msg/detail/node_message__description.c
-- Installing: /home/kevin/LightChaser-Training-34/ros_ws/install/message_interface/include/message_interface/message_interface/msg/detail/node_message__type_support.h
-- Installing: /home/kevin/LightChaser-Training-34/ros_ws/install/message_interface/include/message_interface/message_interface/msg/detail/node_message__functions.c
-- Installing: /home/kevin/LightChaser-Training-34/ros_ws/install/message_interface/include/message_interface/message_interface/msg/detail/node_message__type_support.c
-- Installing: /home/kevin/LightChaser-Training-34/ros_ws/install/message_interface/include/message_interface/message_interface/msg/detail/node_message__struct.h
-- Installing: /home/kevin/LightChaser-Training-34/ros_ws/install/message_interface/share/message_interface/environment/library_path.sh
-- Installing: /home/kevin/LightChaser-Training-34/ros_ws/install/message_interface/share/message_interface/environment/library_path.dsv
-- Installing: /home/kevin/LightChaser-Training-34/ros_ws/install/message_interface/lib/libmessage_interface__rosidl_generator_c.so
-- Set non-toolchain portion of runtime path of "/home/kevin/LightChaser-Training-34/ros_ws/install/message_interface/lib/libmessage_interface__rosidl_generator_c.so" to ""
-- Up-to-date: /home/kevin/LightChaser-Training-34/ros_ws/install/message_interface/include/message_interface/message_interface
-- Up-to-date: /home/kevin/LightChaser-Training-34/ros_ws/install/message_interface/include/message_interface/message_interface/msg
-- Installing: /home/kevin/LightChaser-Training-34/ros_ws/install/message_interface/include/message_interface/message_interface/msg/rosidl_typesupport_fastrtps_c__visibility_control.h
-- Up-to-date: /home/kevin/LightChaser-Training-34/ros_ws/install/message_interface/include/message_interface/message_interface/msg/detail
-- Installing: /home/kevin/LightChaser-Training-34/ros_ws/install/message_interface/include/message_interface/message_interface/msg/detail/node_message__rosidl_typesupport_fastrtps_c.h
-- Installing: /home/kevin/LightChaser-Training-34/ros_ws/install/message_interface/lib/libmessage_interface__rosidl_typesupport_fastrtps_c.so
-- Set non-toolchain portion of runtime path of "/home/kevin/LightChaser-Training-34/ros_ws/install/message_interface/lib/libmessage_interface__rosidl_typesupport_fastrtps_c.so" to ""
-- Up-to-date: /home/kevin/LightChaser-Training-34/ros_ws/install/message_interface/include/message_interface/message_interface
-- Up-to-date: /home/kevin/LightChaser-Training-34/ros_ws/install/message_interface/include/message_interface/message_interface/msg
-- Installing: /home/kevin/LightChaser-Training-34/ros_ws/install/message_interface/include/message_interface/message_interface/msg/rosidl_typesupport_introspection_c__visibility_control.h
-- Up-to-date: /home/kevin/LightChaser-Training-34/ros_ws/install/message_interface/include/message_interface/message_interface/msg/detail
-- Installing: /home/kevin/LightChaser-Training-34/ros_ws/install/message_interface/include/message_interface/message_interface/msg/detail/node_message__rosidl_typesupport_introspection_c.h
-- Installing: /home/kevin/LightChaser-Training-34/ros_ws/install/message_interface/include/message_interface/message_interface/msg/detail/node_message__type_support.c
-- Installing: /home/kevin/LightChaser-Training-34/ros_ws/install/message_interface/lib/libmessage_interface__rosidl_typesupport_introspection_c.so
-- Set non-toolchain portion of runtime path of "/home/kevin/LightChaser-Training-34/ros_ws/install/message_interface/lib/libmessage_interface__rosidl_typesupport_introspection_c.so" to ""
-- Installing: /home/kevin/LightChaser-Training-34/ros_ws/install/message_interface/lib/libmessage_interface__rosidl_typesupport_c.so
-- Set non-toolchain portion of runtime path of "/home/kevin/LightChaser-Training-34/ros_ws/install/message_interface/lib/libmessage_interface__rosidl_typesupport_c.so" to ""
-- Up-to-date: /home/kevin/LightChaser-Training-34/ros_ws/install/message_interface/include/message_interface/message_interface
-- Up-to-date: /home/kevin/LightChaser-Training-34/ros_ws/install/message_interface/include/message_interface/message_interface/msg
-- Installing: /home/kevin/LightChaser-Training-34/ros_ws/install/message_interface/include/message_interface/message_interface/msg/rosidl_generator_cpp__visibility_control.hpp
-- Installing: /home/kevin/LightChaser-Training-34/ros_ws/install/message_interface/include/message_interface/message_interface/msg/node_message.hpp
-- Up-to-date: /home/kevin/LightChaser-Training-34/ros_ws/install/message_interface/include/message_interface/message_interface/msg/detail
-- Installing: /home/kevin/LightChaser-Training-34/ros_ws/install/message_interface/include/message_interface/message_interface/msg/detail/node_message__builder.hpp
-- Installing: /home/kevin/LightChaser-Training-34/ros_ws/install/message_interface/include/message_interface/message_interface/msg/detail/node_message__traits.hpp
-- Installing: /home/kevin/LightChaser-Training-34/ros_ws/install/message_interface/include/message_interface/message_interface/msg/detail/node_message__struct.hpp
-- Installing: /home/kevin/LightChaser-Training-34/ros_ws/install/message_interface/include/message_interface/message_interface/msg/detail/node_message__type_support.hpp
-- Up-to-date: /home/kevin/LightChaser-Training-34/ros_ws/install/message_interface/include/message_interface/message_interface
-- Up-to-date: /home/kevin/LightChaser-Training-34/ros_ws/install/message_interface/include/message_interface/message_interface/msg
-- Installing: /home/kevin/LightChaser-Training-34/ros_ws/install/message_interface/include/message_interface/message_interface/msg/rosidl_typesupport_fastrtps_cpp__visibility_control.h
-- Up-to-date: /home/kevin/LightChaser-Training-34/ros_ws/install/message_interface/include/message_interface/message_interface/msg/detail
-- Installing: /home/kevin/LightChaser-Training-34/ros_ws/install/message_interface/include/message_interface/message_interface/msg/detail/node_message__rosidl_typesupport_fastrtps_cpp.hpp
-- Installing: /home/kevin/LightChaser-Training-34/ros_ws/install/message_interface/include/message_interface/message_interface/msg/detail/dds_fastrtps
-- Installing: /home/kevin/LightChaser-Training-34/ros_ws/install/message_interface/lib/libmessage_interface__rosidl_typesupport_fastrtps_cpp.so
-- Set non-toolchain portion of runtime path of "/home/kevin/LightChaser-Training-34/ros_ws/install/message_interface/lib/libmessage_interface__rosidl_typesupport_fastrtps_cpp.so" to ""
-- Up-to-date: /home/kevin/LightChaser-Training-34/ros_ws/install/message_interface/include/message_interface/message_interface
-- Up-to-date: /home/kevin/LightChaser-Training-34/ros_ws/install/message_interface/include/message_interface/message_interface/msg
-- Up-to-date: /home/kevin/LightChaser-Training-34/ros_ws/install/message_interface/include/message_interface/message_interface/msg/detail
-- Installing: /home/kevin/LightChaser-Training-34/ros_ws/install/message_interface/include/message_interface/message_interface/msg/detail/node_message__rosidl_typesupport_introspection_cpp.hpp
-- Installing: /home/kevin/LightChaser-Training-34/ros_ws/install/message_interface/include/message_interface/message_interface/msg/detail/node_message__type_support.cpp
-- Installing: /home/kevin/LightChaser-Training-34/ros_ws/install/message_interface/lib/libmessage_interface__rosidl_typesupport_introspection_cpp.so
-- Set non-toolchain portion of runtime path of "/home/kevin/LightChaser-Training-34/ros_ws/install/message_interface/lib/libmessage_interface__rosidl_typesupport_introspection_cpp.so" to ""
-- Installing: /home/kevin/LightChaser-Training-34/ros_ws/install/message_interface/lib/libmessage_interface__rosidl_typesupport_cpp.so
-- Set non-toolchain portion of runtime path of "/home/kevin/LightChaser-Training-34/ros_ws/install/message_interface/lib/libmessage_interface__rosidl_typesupport_cpp.so" to ""
-- Installing: /home/kevin/LightChaser-Training-34/ros_ws/install/message_interface/share/message_interface/environment/pythonpath.sh
-- Installing: /home/kevin/LightChaser-Training-34/ros_ws/install/message_interface/share/message_interface/environment/pythonpath.dsv
-- Installing: /home/kevin/LightChaser-Training-34/ros_ws/install/message_interface/lib/python3.12/site-packages/message_interface-0.0.0-py3.12.egg-info
-- Installing: /home/kevin/LightChaser-Training-34/ros_ws/install/message_interface/lib/python3.12/site-packages/message_interface-0.0.0-py3.12.egg-info/SOURCES.txt
-- Installing: /home/kevin/LightChaser-Training-34/ros_ws/install/message_interface/lib/python3.12/site-packages/message_interface-0.0.0-py3.12.egg-info/top_level.txt
-- Installing: /home/kevin/LightChaser-Training-34/ros_ws/install/message_interface/lib/python3.12/site-packages/message_interface-0.0.0-py3.12.egg-info/PKG-INFO
-- Installing: /home/kevin/LightChaser-Training-34/ros_ws/install/message_interface/lib/python3.12/site-packages/message_interface-0.0.0-py3.12.egg-info/dependency_links.txt
-- Installing: /home/kevin/LightChaser-Training-34/ros_ws/install/message_interface/lib/python3.12/site-packages/message_interface
-- Installing: /home/kevin/LightChaser-Training-34/ros_ws/install/message_interface/lib/python3.12/site-packages/message_interface/_message_interface_s.ep.rosidl_typesupport_c.c
-- Installing: /home/kevin/LightChaser-Training-34/ros_ws/install/message_interface/lib/python3.12/site-packages/message_interface/_message_interface_s.ep.rosidl_typesupport_introspection_c.c
-- Installing: /home/kevin/LightChaser-Training-34/ros_ws/install/message_interface/lib/python3.12/site-packages/message_interface/_message_interface_s.ep.rosidl_typesupport_fastrtps_c.c
-- Installing: /home/kevin/LightChaser-Training-34/ros_ws/install/message_interface/lib/python3.12/site-packages/message_interface/message_interface_s__rosidl_typesupport_introspection_c.so
-- Installing: /home/kevin/LightChaser-Training-34/ros_ws/install/message_interface/lib/python3.12/site-packages/message_interface/message_interface_s__rosidl_typesupport_fastrtps_c.so
-- Installing: /home/kevin/LightChaser-Training-34/ros_ws/install/message_interface/lib/python3.12/site-packages/message_interface/__init__.py
-- Installing: /home/kevin/LightChaser-Training-34/ros_ws/install/message_interface/lib/python3.12/site-packages/message_interface/msg
-- Installing: /home/kevin/LightChaser-Training-34/ros_ws/install/message_interface/lib/python3.12/site-packages/message_interface/msg/__init__.py
-- Installing: /home/kevin/LightChaser-Training-34/ros_ws/install/message_interface/lib/python3.12/site-packages/message_interface/msg/_node_message_s.c
-- Installing: /home/kevin/LightChaser-Training-34/ros_ws/install/message_interface/lib/python3.12/site-packages/message_interface/msg/_node_message.py
-- Installing: /home/kevin/LightChaser-Training-34/ros_ws/install/message_interface/lib/python3.12/site-packages/message_interface/message_interface_s__rosidl_typesupport_c.so
Listing '/home/kevin/LightChaser-Training-34/ros_ws/install/message_interface/lib/python3.12/site-packages/message_interface'...
Compiling '/home/kevin/LightChaser-Training-34/ros_ws/install/message_interface/lib/python3.12/site-packages/message_interface/__init__.py'...
Listing '/home/kevin/LightChaser-Training-34/ros_ws/install/message_interface/lib/python3.12/site-packages/message_interface/msg'...
Compiling '/home/kevin/LightChaser-Training-34/ros_ws/install/message_interface/lib/python3.12/site-packages/message_interface/msg/__init__.py'...
Compiling '/home/kevin/LightChaser-Training-34/ros_ws/install/message_interface/lib/python3.12/site-packages/message_interface/msg/_node_message.py'...
-- Installing: /home/kevin/LightChaser-Training-34/ros_ws/install/message_interface/lib/python3.12/site-packages/message_interface/message_interface_s__rosidl_typesupport_fastrtps_c.so
-- Set non-toolchain portion of runtime path of "/home/kevin/LightChaser-Training-34/ros_ws/install/message_interface/lib/python3.12/site-packages/message_interface/message_interface_s__rosidl_typesupport_fastrtps_c.so" to ""
-- Installing: /home/kevin/LightChaser-Training-34/ros_ws/install/message_interface/lib/python3.12/site-packages/message_interface/message_interface_s__rosidl_typesupport_introspection_c.so
-- Set non-toolchain portion of runtime path of "/home/kevin/LightChaser-Training-34/ros_ws/install/message_interface/lib/python3.12/site-packages/message_interface/message_interface_s__rosidl_typesupport_introspection_c.so" to ""
-- Installing: /home/kevin/LightChaser-Training-34/ros_ws/install/message_interface/lib/python3.12/site-packages/message_interface/message_interface_s__rosidl_typesupport_c.so
-- Set non-toolchain portion of runtime path of "/home/kevin/LightChaser-Training-34/ros_ws/install/message_interface/lib/python3.12/site-packages/message_interface/message_interface_s__rosidl_typesupport_c.so" to ""
-- Installing: /home/kevin/LightChaser-Training-34/ros_ws/install/message_interface/lib/libmessage_interface__rosidl_generator_py.so
-- Set non-toolchain portion of runtime path of "/home/kevin/LightChaser-Training-34/ros_ws/install/message_interface/lib/libmessage_interface__rosidl_generator_py.so" to ""
-- Installing: /home/kevin/LightChaser-Training-34/ros_ws/install/message_interface/share/ament_index/resource_index/rust_packages/message_interface
-- Installing: /home/kevin/LightChaser-Training-34/ros_ws/install/message_interface/share/message_interface/rust
-- Installing: /home/kevin/LightChaser-Training-34/ros_ws/install/message_interface/share/message_interface/rust/Cargo.toml
-- Installing: /home/kevin/LightChaser-Training-34/ros_ws/install/message_interface/share/message_interface/rust/src
-- Installing: /home/kevin/LightChaser-Training-34/ros_ws/install/message_interface/share/message_interface/rust/src/msg.rs
-- Installing: /home/kevin/LightChaser-Training-34/ros_ws/install/message_interface/share/message_interface/rust/src/lib.rs
-- Installing: /home/kevin/LightChaser-Training-34/ros_ws/install/message_interface/share/message_interface/rust/src/msg
-- Installing: /home/kevin/LightChaser-Training-34/ros_ws/install/message_interface/share/message_interface/rust/src/msg/rmw.rs
-- Installing: /home/kevin/LightChaser-Training-34/ros_ws/install/message_interface/share/message_interface/rust/build.rs
-- Installing: /home/kevin/LightChaser-Training-34/ros_ws/install/message_interface/share/message_interface/msg/NodeMessage.idl
-- Installing: /home/kevin/LightChaser-Training-34/ros_ws/install/message_interface/share/message_interface/msg/NodeMessage.msg
-- Installing: /home/kevin/LightChaser-Training-34/ros_ws/install/message_interface/share/ament_index/resource_index/package_run_dependencies/message_interface
-- Installing: /home/kevin/LightChaser-Training-34/ros_ws/install/message_interface/share/ament_index/resource_index/parent_prefix_path/message_interface
-- Installing: /home/kevin/LightChaser-Training-34/ros_ws/install/message_interface/share/message_interface/environment/ament_prefix_path.sh
-- Installing: /home/kevin/LightChaser-Training-34/ros_ws/install/message_interface/share/message_interface/environment/ament_prefix_path.dsv
-- Installing: /home/kevin/LightChaser-Training-34/ros_ws/install/message_interface/share/message_interface/environment/path.sh
-- Installing: /home/kevin/LightChaser-Training-34/ros_ws/install/message_interface/share/message_interface/environment/path.dsv
-- Installing: /home/kevin/LightChaser-Training-34/ros_ws/install/message_interface/share/message_interface/local_setup.bash
-- Installing: /home/kevin/LightChaser-Training-34/ros_ws/install/message_interface/share/message_interface/local_setup.sh
-- Installing: /home/kevin/LightChaser-Training-34/ros_ws/install/message_interface/share/message_interface/local_setup.zsh
-- Installing: /home/kevin/LightChaser-Training-34/ros_ws/install/message_interface/share/message_interface/local_setup.dsv
-- Installing: /home/kevin/LightChaser-Training-34/ros_ws/install/message_interface/share/message_interface/package.dsv
-- Installing: /home/kevin/LightChaser-Training-34/ros_ws/install/message_interface/share/ament_index/resource_index/packages/message_interface
-- Installing: /home/kevin/LightChaser-Training-34/ros_ws/install/message_interface/share/message_interface/cmake/export_message_interface__rosidl_generator_cExport.cmake
-- Installing: /home/kevin/LightChaser-Training-34/ros_ws/install/message_interface/share/message_interface/cmake/export_message_interface__rosidl_generator_cExport-noconfig.cmake
-- Installing: /home/kevin/LightChaser-Training-34/ros_ws/install/message_interface/share/message_interface/cmake/export_message_interface__rosidl_typesupport_fastrtps_cExport.cmake
-- Installing: /home/kevin/LightChaser-Training-34/ros_ws/install/message_interface/share/message_interface/cmake/export_message_interface__rosidl_typesupport_fastrtps_cExport-noconfig.cmake
-- Installing: /home/kevin/LightChaser-Training-34/ros_ws/install/message_interface/share/message_interface/cmake/message_interface__rosidl_typesupport_introspection_cExport.cmake
-- Installing: /home/kevin/LightChaser-Training-34/ros_ws/install/message_interface/share/message_interface/cmake/message_interface__rosidl_typesupport_introspection_cExport-noconfig.cmake
-- Installing: /home/kevin/LightChaser-Training-34/ros_ws/install/message_interface/share/message_interface/cmake/message_interface__rosidl_typesupport_cExport.cmake
-- Installing: /home/kevin/LightChaser-Training-34/ros_ws/install/message_interface/share/message_interface/cmake/message_interface__rosidl_typesupport_cExport-noconfig.cmake
-- Installing: /home/kevin/LightChaser-Training-34/ros_ws/install/message_interface/share/message_interface/cmake/export_message_interface__rosidl_generator_cppExport.cmake
-- Installing: /home/kevin/LightChaser-Training-34/ros_ws/install/message_interface/share/message_interface/cmake/export_message_interface__rosidl_typesupport_fastrtps_cppExport.cmake
-- Installing: /home/kevin/LightChaser-Training-34/ros_ws/install/message_interface/share/message_interface/cmake/export_message_interface__rosidl_typesupport_fastrtps_cppExport-noconfig.cmake
-- Installing: /home/kevin/LightChaser-Training-34/ros_ws/install/message_interface/share/message_interface/cmake/message_interface__rosidl_typesupport_introspection_cppExport.cmake
-- Installing: /home/kevin/LightChaser-Training-34/ros_ws/install/message_interface/share/message_interface/cmake/message_interface__rosidl_typesupport_introspection_cppExport-noconfig.cmake
-- Installing: /home/kevin/LightChaser-Training-34/ros_ws/install/message_interface/share/message_interface/cmake/message_interface__rosidl_typesupport_cppExport.cmake
-- Installing: /home/kevin/LightChaser-Training-34/ros_ws/install/message_interface/share/message_interface/cmake/message_interface__rosidl_typesupport_cppExport-noconfig.cmake
-- Installing: /home/kevin/LightChaser-Training-34/ros_ws/install/message_interface/share/message_interface/cmake/export_message_interface__rosidl_generator_pyExport.cmake
-- Installing: /home/kevin/LightChaser-Training-34/ros_ws/install/message_interface/share/message_interface/cmake/export_message_interface__rosidl_generator_pyExport-noconfig.cmake
-- Installing: /home/kevin/LightChaser-Training-34/ros_ws/install/message_interface/share/message_interface/cmake/rosidl_cmake-extras.cmake
-- Installing: /home/kevin/LightChaser-Training-34/ros_ws/install/message_interface/share/message_interface/cmake/ament_cmake_export_include_directories-extras.cmake
-- Installing: /home/kevin/LightChaser-Training-34/ros_ws/install/message_interface/share/message_interface/cmake/ament_cmake_export_libraries-extras.cmake
-- Installing: /home/kevin/LightChaser-Training-34/ros_ws/install/message_interface/share/message_interface/cmake/ament_cmake_export_targets-extras.cmake
-- Installing: /home/kevin/LightChaser-Training-34/ros_ws/install/message_interface/share/message_interface/cmake/rosidl_cmake_export_typesupport_targets-extras.cmake
-- Installing: /home/kevin/LightChaser-Training-34/ros_ws/install/message_interface/share/message_interface/cmake/ament_cmake_export_dependencies-extras.cmake
-- Installing: /home/kevin/LightChaser-Training-34/ros_ws/install/message_interface/share/message_interface/cmake/rosidl_cmake_export_typesupport_libraries-extras.cmake
-- Installing: /home/kevin/LightChaser-Training-34/ros_ws/install/message_interface/share/message_interface/cmake/rosidl_cmake_aggregate_target-extras.cmake
-- Installing: /home/kevin/LightChaser-Training-34/ros_ws/install/message_interface/share/message_interface/cmake/message_interfaceConfig.cmake
-- Installing: /home/kevin/LightChaser-Training-34/ros_ws/install/message_interface/share/message_interface/cmake/message_interfaceConfig-version.cmake
-- Installing: /home/kevin/LightChaser-Training-34/ros_ws/install/message_interface/share/message_interface/package.xml
