[0.007s] Invoking command in '/home/kevin/LightChaser-Training-34/ros_ws/build/message_interface': CMAKE_PREFIX_PATH=${CMAKE_PREFIX_PATH}:/home/kevin/LightChaser-Training-34/ros_ws/src/node/install/node:/home/kevin/LightChaser-Training-34/ros_ws/install/node:/opt/ros/jazzy DEBUGINFOD_URLS=https://debuginfod.ubuntu.com /usr/bin/cmake /home/kevin/LightChaser-Training-34/ros_ws/src/message_interface -DCMAKE_INSTALL_PREFIX=/home/kevin/LightChaser-Training-34/ros_ws/install/message_interface
[0.055s] -- The C compiler identification is GNU 13.3.0
[0.116s] -- The CXX compiler identification is GNU 13.3.0
[0.132s] -- Detecting C compiler ABI info
[0.228s] -- Detecting C compiler ABI info - done
[0.235s] -- Check for working C compiler: /usr/bin/cc - skipped
[0.235s] -- Detecting C compile features
[0.236s] -- Detecting C compile features - done
[0.243s] -- Detecting CXX compiler ABI info
[0.329s] -- Detecting CXX compiler ABI info - done
[0.336s] -- Check for working CXX compiler: /usr/bin/c++ - skipped
[0.337s] -- Detecting CXX compile features
[0.337s] -- Detecting CXX compile features - done
[0.340s] -- Found ament_cmake: 2.5.6 (/opt/ros/jazzy/share/ament_cmake/cmake)
[0.468s] -- Found Python3: /usr/bin/python3 (found version "3.12.3") found components: Interpreter 
[0.540s] -- Found rosidl_default_generators: 1.6.1 (/opt/ros/jazzy/share/rosidl_default_generators/cmake)
[0.543s] -- Using all available rosidl_typesupport_c: rosidl_typesupport_fastrtps_c;rosidl_typesupport_introspection_c
[0.576s] -- Using all available rosidl_typesupport_cpp: rosidl_typesupport_fastrtps_cpp;rosidl_typesupport_introspection_cpp
[0.604s] -- Found rosidl_adapter: 4.6.9 (/opt/ros/jazzy/share/rosidl_adapter/cmake)
[1.110s] -- Found ament_cmake_ros: 0.12.1 (/opt/ros/jazzy/share/ament_cmake_ros/cmake)
[1.516s] -- Using all available rosidl_typesupport_c: rosidl_typesupport_fastrtps_c;rosidl_typesupport_introspection_c
[2.030s] -- Using all available rosidl_typesupport_cpp: rosidl_typesupport_fastrtps_cpp;rosidl_typesupport_introspection_cpp
[2.032s] -- Found python_cmake_module: 0.11.1 (/opt/ros/jazzy/share/python_cmake_module/cmake)
[2.156s] -- Found PythonExtra: /usr/bin/python3  
[2.513s] -- Found Python3: /usr/bin/python3 (found version "3.12.3") found components: Interpreter Development NumPy Development.Module Development.Embed 
[2.559s] -- Found Python3: /usr/bin/python3 (found version "3.12.3") found components: Interpreter 
[2.561s] -- Found ament_lint_auto: 0.17.5 (/opt/ros/jazzy/share/ament_lint_auto/cmake)
[2.572s] -- Added test 'lint_cmake' to check CMake code style
[2.573s] -- Added test 'xmllint' to check XML markup files
[2.575s] -- Configuring done (2.6s)
[2.593s] -- Generating done (0.0s)
[2.600s] -- Build files have been written to: /home/kevin/LightChaser-Training-34/ros_ws/build/message_interface
[2.606s] Invoked command in '/home/kevin/LightChaser-Training-34/ros_ws/build/message_interface' returned '0': CMAKE_PREFIX_PATH=${CMAKE_PREFIX_PATH}:/home/kevin/LightChaser-Training-34/ros_ws/src/node/install/node:/home/kevin/LightChaser-Training-34/ros_ws/install/node:/opt/ros/jazzy DEBUGINFOD_URLS=https://debuginfod.ubuntu.com /usr/bin/cmake /home/kevin/LightChaser-Training-34/ros_ws/src/message_interface -DCMAKE_INSTALL_PREFIX=/home/kevin/LightChaser-Training-34/ros_ws/install/message_interface
[2.608s] Invoking command in '/home/kevin/LightChaser-Training-34/ros_ws/build/message_interface': CMAKE_PREFIX_PATH=${CMAKE_PREFIX_PATH}:/home/kevin/LightChaser-Training-34/ros_ws/src/node/install/node:/home/kevin/LightChaser-Training-34/ros_ws/install/node:/opt/ros/jazzy DEBUGINFOD_URLS=https://debuginfod.ubuntu.com /usr/bin/cmake --build /home/kevin/LightChaser-Training-34/ros_ws/build/message_interface -- -j32 -l32
[2.647s] [  2%] [34m[1mGenerating type hashes for ROS interfaces[0m
[2.649s] [  5%] [34m[1mGenerating Rust code for ROS interfaces[0m
[2.658s] [  5%] Built target ament_cmake_python_copy_message_interface
[2.767s] [  5%] Built target message_interface__rosidl_generator_type_description
[2.776s] [  8%] [34m[1mGenerating C code for ROS interfaces[0m
[2.785s] [  8%] Built target message_interface__rs
[2.787s] [ 11%] [34m[1mGenerating C++ code for ROS interfaces[0m
[2.801s] running egg_info
[2.802s] creating message_interface.egg-info
[2.814s] writing message_interface.egg-info/PKG-INFO
[2.814s] writing dependency_links to message_interface.egg-info/dependency_links.txt
[2.814s] writing top-level names to message_interface.egg-info/top_level.txt
[2.814s] writing manifest file 'message_interface.egg-info/SOURCES.txt'
[2.852s] reading manifest file 'message_interface.egg-info/SOURCES.txt'
[2.853s] writing manifest file 'message_interface.egg-info/SOURCES.txt'
[2.881s] [ 11%] Built target ament_cmake_python_build_message_interface_egg
[2.980s] [ 11%] Built target message_interface__cpp
[2.992s] [ 14%] [32mBuilding C object CMakeFiles/message_interface__rosidl_generator_c.dir/rosidl_generator_c/message_interface/msg/detail/node_message__description.c.o[0m
[2.992s] [ 17%] [32mBuilding C object CMakeFiles/message_interface__rosidl_generator_c.dir/rosidl_generator_c/message_interface/msg/detail/node_message__functions.c.o[0m
[2.993s] [ 20%] [32mBuilding C object CMakeFiles/message_interface__rosidl_generator_c.dir/rosidl_generator_c/message_interface/msg/detail/node_message__type_support.c.o[0m
[3.039s] [ 22%] [32m[1mLinking C shared library libmessage_interface__rosidl_generator_c.so[0m
[3.081s] [ 22%] Built target message_interface__rosidl_generator_c
[3.091s] [ 25%] [34m[1mGenerating C++ type support for eProsima Fast-RTPS[0m
[3.092s] [ 28%] [34m[1mGenerating C++ introspection for ROS interfaces[0m
[3.092s] [ 31%] [34m[1mGenerating C++ type support dispatch for ROS interfaces[0m
[3.092s] [ 34%] [34m[1mGenerating C type support for eProsima Fast-RTPS[0m
[3.093s] [ 40%] [34m[1mGenerating C introspection for ROS interfaces[0m
[3.093s] [ 40%] [34m[1mGenerating C type support dispatch for ROS interfaces[0m
[3.279s] [ 42%] [32mBuilding CXX object CMakeFiles/message_interface__rosidl_typesupport_cpp.dir/rosidl_typesupport_cpp/message_interface/msg/node_message__type_support.cpp.o[0m
[3.293s] [ 45%] [32mBuilding CXX object CMakeFiles/message_interface__rosidl_typesupport_c.dir/rosidl_typesupport_c/message_interface/msg/node_message__type_support.cpp.o[0m
[3.294s] [ 48%] [32mBuilding CXX object CMakeFiles/message_interface__rosidl_typesupport_introspection_cpp.dir/rosidl_typesupport_introspection_cpp/message_interface/msg/detail/node_message__type_support.cpp.o[0m
[3.305s] [ 51%] [32mBuilding CXX object CMakeFiles/message_interface__rosidl_typesupport_fastrtps_cpp.dir/rosidl_typesupport_fastrtps_cpp/message_interface/msg/detail/dds_fastrtps/node_message__type_support.cpp.o[0m
[3.307s] [ 54%] [32mBuilding C object CMakeFiles/message_interface__rosidl_typesupport_introspection_c.dir/rosidl_typesupport_introspection_c/message_interface/msg/detail/node_message__type_support.c.o[0m
[3.310s] [ 57%] [32mBuilding CXX object CMakeFiles/message_interface__rosidl_typesupport_fastrtps_c.dir/rosidl_typesupport_fastrtps_c/message_interface/msg/detail/node_message__type_support_c.cpp.o[0m
[3.334s] [ 60%] [32m[1mLinking CXX shared library libmessage_interface__rosidl_typesupport_c.so[0m
[3.343s] [ 62%] [32m[1mLinking C shared library libmessage_interface__rosidl_typesupport_introspection_c.so[0m
[3.379s] [ 62%] Built target message_interface__rosidl_typesupport_c
[3.380s] [ 62%] Built target message_interface__rosidl_typesupport_introspection_c
[3.521s] [ 65%] [32m[1mLinking CXX shared library libmessage_interface__rosidl_typesupport_cpp.so[0m
[3.532s] [ 68%] [32m[1mLinking CXX shared library libmessage_interface__rosidl_typesupport_introspection_cpp.so[0m
[3.568s] [ 68%] Built target message_interface__rosidl_typesupport_cpp
[3.573s] [ 68%] Built target message_interface__rosidl_typesupport_introspection_cpp
[3.642s] [ 71%] [32m[1mLinking CXX shared library libmessage_interface__rosidl_typesupport_fastrtps_cpp.so[0m
[3.647s] [ 74%] [32m[1mLinking CXX shared library libmessage_interface__rosidl_typesupport_fastrtps_c.so[0m
[3.679s] [ 74%] Built target message_interface__rosidl_typesupport_fastrtps_cpp
[3.682s] [ 74%] Built target message_interface__rosidl_typesupport_fastrtps_c
[3.697s] [ 74%] Built target message_interface
[3.713s] [ 77%] [34m[1mGenerating Python code for ROS interfaces[0m
[3.869s] [ 77%] Built target message_interface__py
[3.892s] [ 80%] [32mBuilding C object CMakeFiles/message_interface__rosidl_generator_py.dir/rosidl_generator_py/message_interface/msg/_node_message_s.c.o[0m
[3.979s] [ 82%] [32m[1mLinking C shared library libmessage_interface__rosidl_generator_py.so[0m
[4.012s] [ 82%] Built target message_interface__rosidl_generator_py
[4.036s] [ 85%] [32mBuilding C object CMakeFiles/message_interface_s__rosidl_typesupport_introspection_c.dir/rosidl_generator_py/message_interface/_message_interface_s.ep.rosidl_typesupport_introspection_c.c.o[0m
[4.037s] [ 88%] [32mBuilding C object CMakeFiles/message_interface_s__rosidl_typesupport_fastrtps_c.dir/rosidl_generator_py/message_interface/_message_interface_s.ep.rosidl_typesupport_fastrtps_c.c.o[0m
[4.037s] [ 91%] [32mBuilding C object CMakeFiles/message_interface_s__rosidl_typesupport_c.dir/rosidl_generator_py/message_interface/_message_interface_s.ep.rosidl_typesupport_c.c.o[0m
[4.104s] [ 94%] [32m[1mLinking C shared module rosidl_generator_py/message_interface/message_interface_s__rosidl_typesupport_fastrtps_c.so[0m
[4.105s] [ 97%] [32m[1mLinking C shared module rosidl_generator_py/message_interface/message_interface_s__rosidl_typesupport_c.so[0m
[4.105s] [100%] [32m[1mLinking C shared module rosidl_generator_py/message_interface/message_interface_s__rosidl_typesupport_introspection_c.so[0m
[4.128s] [100%] Built target message_interface_s__rosidl_typesupport_c
[4.130s] [100%] Built target message_interface_s__rosidl_typesupport_fastrtps_c
[4.132s] [100%] Built target message_interface_s__rosidl_typesupport_introspection_c
[4.147s] Invoked command in '/home/kevin/LightChaser-Training-34/ros_ws/build/message_interface' returned '0': CMAKE_PREFIX_PATH=${CMAKE_PREFIX_PATH}:/home/kevin/LightChaser-Training-34/ros_ws/src/node/install/node:/home/kevin/LightChaser-Training-34/ros_ws/install/node:/opt/ros/jazzy DEBUGINFOD_URLS=https://debuginfod.ubuntu.com /usr/bin/cmake --build /home/kevin/LightChaser-Training-34/ros_ws/build/message_interface -- -j32 -l32
[4.161s] Invoking command in '/home/kevin/LightChaser-Training-34/ros_ws/build/message_interface': CMAKE_PREFIX_PATH=${CMAKE_PREFIX_PATH}:/home/kevin/LightChaser-Training-34/ros_ws/src/node/install/node:/home/kevin/LightChaser-Training-34/ros_ws/install/node:/opt/ros/jazzy DEBUGINFOD_URLS=https://debuginfod.ubuntu.com /usr/bin/cmake --install /home/kevin/LightChaser-Training-34/ros_ws/build/message_interface
[4.172s] -- Install configuration: ""
[4.172s] -- Installing: /home/kevin/LightChaser-Training-34/ros_ws/install/message_interface/share/ament_index/resource_index/rosidl_interfaces/message_interface
[4.172s] -- Installing: /home/kevin/LightChaser-Training-34/ros_ws/install/message_interface/share/message_interface/msg/NodeMessage.json
[4.172s] -- Installing: /home/kevin/LightChaser-Training-34/ros_ws/install/message_interface/include/message_interface/message_interface
[4.173s] -- Installing: /home/kevin/LightChaser-Training-34/ros_ws/install/message_interface/include/message_interface/message_interface/msg
[4.173s] -- Installing: /home/kevin/LightChaser-Training-34/ros_ws/install/message_interface/include/message_interface/message_interface/msg/rosidl_generator_c__visibility_control.h
[4.173s] -- Installing: /home/kevin/LightChaser-Training-34/ros_ws/install/message_interface/include/message_interface/message_interface/msg/node_message.h
[4.173s] -- Installing: /home/kevin/LightChaser-Training-34/ros_ws/install/message_interface/include/message_interface/message_interface/msg/detail
[4.173s] -- Installing: /home/kevin/LightChaser-Training-34/ros_ws/install/message_interface/include/message_interface/message_interface/msg/detail/node_message__functions.h
[4.173s] -- Installing: /home/kevin/LightChaser-Training-34/ros_ws/install/message_interface/include/message_interface/message_interface/msg/detail/node_message__description.c
[4.173s] -- Installing: /home/kevin/LightChaser-Training-34/ros_ws/install/message_interface/include/message_interface/message_interface/msg/detail/node_message__type_support.h
[4.173s] -- Installing: /home/kevin/LightChaser-Training-34/ros_ws/install/message_interface/include/message_interface/message_interface/msg/detail/node_message__functions.c
[4.173s] -- Installing: /home/kevin/LightChaser-Training-34/ros_ws/install/message_interface/include/message_interface/message_interface/msg/detail/node_message__type_support.c
[4.173s] -- Installing: /home/kevin/LightChaser-Training-34/ros_ws/install/message_interface/include/message_interface/message_interface/msg/detail/node_message__struct.h
[4.174s] -- Installing: /home/kevin/LightChaser-Training-34/ros_ws/install/message_interface/share/message_interface/environment/library_path.sh
[4.174s] -- Installing: /home/kevin/LightChaser-Training-34/ros_ws/install/message_interface/share/message_interface/environment/library_path.dsv
[4.174s] -- Installing: /home/kevin/LightChaser-Training-34/ros_ws/install/message_interface/lib/libmessage_interface__rosidl_generator_c.so
[4.174s] -- Set non-toolchain portion of runtime path of "/home/kevin/LightChaser-Training-34/ros_ws/install/message_interface/lib/libmessage_interface__rosidl_generator_c.so" to ""
[4.174s] -- Up-to-date: /home/kevin/LightChaser-Training-34/ros_ws/install/message_interface/include/message_interface/message_interface
[4.174s] -- Up-to-date: /home/kevin/LightChaser-Training-34/ros_ws/install/message_interface/include/message_interface/message_interface/msg
[4.174s] -- Installing: /home/kevin/LightChaser-Training-34/ros_ws/install/message_interface/include/message_interface/message_interface/msg/rosidl_typesupport_fastrtps_c__visibility_control.h
[4.174s] -- Up-to-date: /home/kevin/LightChaser-Training-34/ros_ws/install/message_interface/include/message_interface/message_interface/msg/detail
[4.174s] -- Installing: /home/kevin/LightChaser-Training-34/ros_ws/install/message_interface/include/message_interface/message_interface/msg/detail/node_message__rosidl_typesupport_fastrtps_c.h
[4.174s] -- Installing: /home/kevin/LightChaser-Training-34/ros_ws/install/message_interface/lib/libmessage_interface__rosidl_typesupport_fastrtps_c.so
[4.174s] -- Set non-toolchain portion of runtime path of "/home/kevin/LightChaser-Training-34/ros_ws/install/message_interface/lib/libmessage_interface__rosidl_typesupport_fastrtps_c.so" to ""
[4.175s] -- Up-to-date: /home/kevin/LightChaser-Training-34/ros_ws/install/message_interface/include/message_interface/message_interface
[4.175s] -- Up-to-date: /home/kevin/LightChaser-Training-34/ros_ws/install/message_interface/include/message_interface/message_interface/msg
[4.175s] -- Installing: /home/kevin/LightChaser-Training-34/ros_ws/install/message_interface/include/message_interface/message_interface/msg/rosidl_typesupport_introspection_c__visibility_control.h
[4.175s] -- Up-to-date: /home/kevin/LightChaser-Training-34/ros_ws/install/message_interface/include/message_interface/message_interface/msg/detail
[4.175s] -- Installing: /home/kevin/LightChaser-Training-34/ros_ws/install/message_interface/include/message_interface/message_interface/msg/detail/node_message__rosidl_typesupport_introspection_c.h
[4.175s] -- Installing: /home/kevin/LightChaser-Training-34/ros_ws/install/message_interface/include/message_interface/message_interface/msg/detail/node_message__type_support.c
[4.175s] -- Installing: /home/kevin/LightChaser-Training-34/ros_ws/install/message_interface/lib/libmessage_interface__rosidl_typesupport_introspection_c.so
[4.175s] -- Set non-toolchain portion of runtime path of "/home/kevin/LightChaser-Training-34/ros_ws/install/message_interface/lib/libmessage_interface__rosidl_typesupport_introspection_c.so" to ""
[4.175s] -- Installing: /home/kevin/LightChaser-Training-34/ros_ws/install/message_interface/lib/libmessage_interface__rosidl_typesupport_c.so
[4.175s] -- Set non-toolchain portion of runtime path of "/home/kevin/LightChaser-Training-34/ros_ws/install/message_interface/lib/libmessage_interface__rosidl_typesupport_c.so" to ""
[4.176s] -- Up-to-date: /home/kevin/LightChaser-Training-34/ros_ws/install/message_interface/include/message_interface/message_interface
[4.176s] -- Up-to-date: /home/kevin/LightChaser-Training-34/ros_ws/install/message_interface/include/message_interface/message_interface/msg
[4.176s] -- Installing: /home/kevin/LightChaser-Training-34/ros_ws/install/message_interface/include/message_interface/message_interface/msg/rosidl_generator_cpp__visibility_control.hpp
[4.176s] -- Installing: /home/kevin/LightChaser-Training-34/ros_ws/install/message_interface/include/message_interface/message_interface/msg/node_message.hpp
[4.176s] -- Up-to-date: /home/kevin/LightChaser-Training-34/ros_ws/install/message_interface/include/message_interface/message_interface/msg/detail
[4.176s] -- Installing: /home/kevin/LightChaser-Training-34/ros_ws/install/message_interface/include/message_interface/message_interface/msg/detail/node_message__builder.hpp
[4.176s] -- Installing: /home/kevin/LightChaser-Training-34/ros_ws/install/message_interface/include/message_interface/message_interface/msg/detail/node_message__traits.hpp
[4.176s] -- Installing: /home/kevin/LightChaser-Training-34/ros_ws/install/message_interface/include/message_interface/message_interface/msg/detail/node_message__struct.hpp
[4.176s] -- Installing: /home/kevin/LightChaser-Training-34/ros_ws/install/message_interface/include/message_interface/message_interface/msg/detail/node_message__type_support.hpp
[4.176s] -- Up-to-date: /home/kevin/LightChaser-Training-34/ros_ws/install/message_interface/include/message_interface/message_interface
[4.176s] -- Up-to-date: /home/kevin/LightChaser-Training-34/ros_ws/install/message_interface/include/message_interface/message_interface/msg
[4.177s] -- Installing: /home/kevin/LightChaser-Training-34/ros_ws/install/message_interface/include/message_interface/message_interface/msg/rosidl_typesupport_fastrtps_cpp__visibility_control.h
[4.177s] -- Up-to-date: /home/kevin/LightChaser-Training-34/ros_ws/install/message_interface/include/message_interface/message_interface/msg/detail
[4.177s] -- Installing: /home/kevin/LightChaser-Training-34/ros_ws/install/message_interface/include/message_interface/message_interface/msg/detail/node_message__rosidl_typesupport_fastrtps_cpp.hpp
[4.177s] -- Installing: /home/kevin/LightChaser-Training-34/ros_ws/install/message_interface/include/message_interface/message_interface/msg/detail/dds_fastrtps
[4.177s] -- Installing: /home/kevin/LightChaser-Training-34/ros_ws/install/message_interface/lib/libmessage_interface__rosidl_typesupport_fastrtps_cpp.so
[4.177s] -- Set non-toolchain portion of runtime path of "/home/kevin/LightChaser-Training-34/ros_ws/install/message_interface/lib/libmessage_interface__rosidl_typesupport_fastrtps_cpp.so" to ""
[4.177s] -- Up-to-date: /home/kevin/LightChaser-Training-34/ros_ws/install/message_interface/include/message_interface/message_interface
[4.177s] -- Up-to-date: /home/kevin/LightChaser-Training-34/ros_ws/install/message_interface/include/message_interface/message_interface/msg
[4.177s] -- Up-to-date: /home/kevin/LightChaser-Training-34/ros_ws/install/message_interface/include/message_interface/message_interface/msg/detail
[4.177s] -- Installing: /home/kevin/LightChaser-Training-34/ros_ws/install/message_interface/include/message_interface/message_interface/msg/detail/node_message__rosidl_typesupport_introspection_cpp.hpp
[4.177s] -- Installing: /home/kevin/LightChaser-Training-34/ros_ws/install/message_interface/include/message_interface/message_interface/msg/detail/node_message__type_support.cpp
[4.178s] -- Installing: /home/kevin/LightChaser-Training-34/ros_ws/install/message_interface/lib/libmessage_interface__rosidl_typesupport_introspection_cpp.so
[4.178s] -- Set non-toolchain portion of runtime path of "/home/kevin/LightChaser-Training-34/ros_ws/install/message_interface/lib/libmessage_interface__rosidl_typesupport_introspection_cpp.so" to ""
[4.178s] -- Installing: /home/kevin/LightChaser-Training-34/ros_ws/install/message_interface/lib/libmessage_interface__rosidl_typesupport_cpp.so
[4.178s] -- Set non-toolchain portion of runtime path of "/home/kevin/LightChaser-Training-34/ros_ws/install/message_interface/lib/libmessage_interface__rosidl_typesupport_cpp.so" to ""
[4.178s] -- Installing: /home/kevin/LightChaser-Training-34/ros_ws/install/message_interface/share/message_interface/environment/pythonpath.sh
[4.178s] -- Installing: /home/kevin/LightChaser-Training-34/ros_ws/install/message_interface/share/message_interface/environment/pythonpath.dsv
[4.178s] -- Installing: /home/kevin/LightChaser-Training-34/ros_ws/install/message_interface/lib/python3.12/site-packages/message_interface-0.0.0-py3.12.egg-info
[4.178s] -- Installing: /home/kevin/LightChaser-Training-34/ros_ws/install/message_interface/lib/python3.12/site-packages/message_interface-0.0.0-py3.12.egg-info/SOURCES.txt
[4.178s] -- Installing: /home/kevin/LightChaser-Training-34/ros_ws/install/message_interface/lib/python3.12/site-packages/message_interface-0.0.0-py3.12.egg-info/top_level.txt
[4.178s] -- Installing: /home/kevin/LightChaser-Training-34/ros_ws/install/message_interface/lib/python3.12/site-packages/message_interface-0.0.0-py3.12.egg-info/PKG-INFO
[4.178s] -- Installing: /home/kevin/LightChaser-Training-34/ros_ws/install/message_interface/lib/python3.12/site-packages/message_interface-0.0.0-py3.12.egg-info/dependency_links.txt
[4.179s] -- Installing: /home/kevin/LightChaser-Training-34/ros_ws/install/message_interface/lib/python3.12/site-packages/message_interface
[4.179s] -- Installing: /home/kevin/LightChaser-Training-34/ros_ws/install/message_interface/lib/python3.12/site-packages/message_interface/_message_interface_s.ep.rosidl_typesupport_c.c
[4.179s] -- Installing: /home/kevin/LightChaser-Training-34/ros_ws/install/message_interface/lib/python3.12/site-packages/message_interface/_message_interface_s.ep.rosidl_typesupport_introspection_c.c
[4.179s] -- Installing: /home/kevin/LightChaser-Training-34/ros_ws/install/message_interface/lib/python3.12/site-packages/message_interface/_message_interface_s.ep.rosidl_typesupport_fastrtps_c.c
[4.179s] -- Installing: /home/kevin/LightChaser-Training-34/ros_ws/install/message_interface/lib/python3.12/site-packages/message_interface/message_interface_s__rosidl_typesupport_introspection_c.so
[4.179s] -- Installing: /home/kevin/LightChaser-Training-34/ros_ws/install/message_interface/lib/python3.12/site-packages/message_interface/message_interface_s__rosidl_typesupport_fastrtps_c.so
[4.179s] -- Installing: /home/kevin/LightChaser-Training-34/ros_ws/install/message_interface/lib/python3.12/site-packages/message_interface/__init__.py
[4.179s] -- Installing: /home/kevin/LightChaser-Training-34/ros_ws/install/message_interface/lib/python3.12/site-packages/message_interface/msg
[4.179s] -- Installing: /home/kevin/LightChaser-Training-34/ros_ws/install/message_interface/lib/python3.12/site-packages/message_interface/msg/__init__.py
[4.179s] -- Installing: /home/kevin/LightChaser-Training-34/ros_ws/install/message_interface/lib/python3.12/site-packages/message_interface/msg/_node_message_s.c
[4.179s] -- Installing: /home/kevin/LightChaser-Training-34/ros_ws/install/message_interface/lib/python3.12/site-packages/message_interface/msg/_node_message.py
[4.179s] -- Installing: /home/kevin/LightChaser-Training-34/ros_ws/install/message_interface/lib/python3.12/site-packages/message_interface/message_interface_s__rosidl_typesupport_c.so
[4.216s] Listing '/home/kevin/LightChaser-Training-34/ros_ws/install/message_interface/lib/python3.12/site-packages/message_interface'...
[4.216s] Compiling '/home/kevin/LightChaser-Training-34/ros_ws/install/message_interface/lib/python3.12/site-packages/message_interface/__init__.py'...
[4.216s] Listing '/home/kevin/LightChaser-Training-34/ros_ws/install/message_interface/lib/python3.12/site-packages/message_interface/msg'...
[4.216s] Compiling '/home/kevin/LightChaser-Training-34/ros_ws/install/message_interface/lib/python3.12/site-packages/message_interface/msg/__init__.py'...
[4.216s] Compiling '/home/kevin/LightChaser-Training-34/ros_ws/install/message_interface/lib/python3.12/site-packages/message_interface/msg/_node_message.py'...
[4.220s] -- Installing: /home/kevin/LightChaser-Training-34/ros_ws/install/message_interface/lib/python3.12/site-packages/message_interface/message_interface_s__rosidl_typesupport_fastrtps_c.so
[4.220s] -- Set non-toolchain portion of runtime path of "/home/kevin/LightChaser-Training-34/ros_ws/install/message_interface/lib/python3.12/site-packages/message_interface/message_interface_s__rosidl_typesupport_fastrtps_c.so" to ""
[4.220s] -- Installing: /home/kevin/LightChaser-Training-34/ros_ws/install/message_interface/lib/python3.12/site-packages/message_interface/message_interface_s__rosidl_typesupport_introspection_c.so
[4.221s] -- Set non-toolchain portion of runtime path of "/home/kevin/LightChaser-Training-34/ros_ws/install/message_interface/lib/python3.12/site-packages/message_interface/message_interface_s__rosidl_typesupport_introspection_c.so" to ""
[4.221s] -- Installing: /home/kevin/LightChaser-Training-34/ros_ws/install/message_interface/lib/python3.12/site-packages/message_interface/message_interface_s__rosidl_typesupport_c.so
[4.221s] -- Set non-toolchain portion of runtime path of "/home/kevin/LightChaser-Training-34/ros_ws/install/message_interface/lib/python3.12/site-packages/message_interface/message_interface_s__rosidl_typesupport_c.so" to ""
[4.221s] -- Installing: /home/kevin/LightChaser-Training-34/ros_ws/install/message_interface/lib/libmessage_interface__rosidl_generator_py.so
[4.221s] -- Set non-toolchain portion of runtime path of "/home/kevin/LightChaser-Training-34/ros_ws/install/message_interface/lib/libmessage_interface__rosidl_generator_py.so" to ""
[4.221s] -- Installing: /home/kevin/LightChaser-Training-34/ros_ws/install/message_interface/share/ament_index/resource_index/rust_packages/message_interface
[4.221s] -- Installing: /home/kevin/LightChaser-Training-34/ros_ws/install/message_interface/share/message_interface/rust
[4.221s] -- Installing: /home/kevin/LightChaser-Training-34/ros_ws/install/message_interface/share/message_interface/rust/Cargo.toml
[4.221s] -- Installing: /home/kevin/LightChaser-Training-34/ros_ws/install/message_interface/share/message_interface/rust/src
[4.221s] -- Installing: /home/kevin/LightChaser-Training-34/ros_ws/install/message_interface/share/message_interface/rust/src/msg.rs
[4.221s] -- Installing: /home/kevin/LightChaser-Training-34/ros_ws/install/message_interface/share/message_interface/rust/src/lib.rs
[4.221s] -- Installing: /home/kevin/LightChaser-Training-34/ros_ws/install/message_interface/share/message_interface/rust/src/msg
[4.221s] -- Installing: /home/kevin/LightChaser-Training-34/ros_ws/install/message_interface/share/message_interface/rust/src/msg/rmw.rs
[4.221s] -- Installing: /home/kevin/LightChaser-Training-34/ros_ws/install/message_interface/share/message_interface/rust/build.rs
[4.222s] -- Installing: /home/kevin/LightChaser-Training-34/ros_ws/install/message_interface/share/message_interface/msg/NodeMessage.idl
[4.222s] -- Installing: /home/kevin/LightChaser-Training-34/ros_ws/install/message_interface/share/message_interface/msg/NodeMessage.msg
[4.222s] -- Installing: /home/kevin/LightChaser-Training-34/ros_ws/install/message_interface/share/ament_index/resource_index/package_run_dependencies/message_interface
[4.222s] -- Installing: /home/kevin/LightChaser-Training-34/ros_ws/install/message_interface/share/ament_index/resource_index/parent_prefix_path/message_interface
[4.222s] -- Installing: /home/kevin/LightChaser-Training-34/ros_ws/install/message_interface/share/message_interface/environment/ament_prefix_path.sh
[4.222s] -- Installing: /home/kevin/LightChaser-Training-34/ros_ws/install/message_interface/share/message_interface/environment/ament_prefix_path.dsv
[4.222s] -- Installing: /home/kevin/LightChaser-Training-34/ros_ws/install/message_interface/share/message_interface/environment/path.sh
[4.222s] -- Installing: /home/kevin/LightChaser-Training-34/ros_ws/install/message_interface/share/message_interface/environment/path.dsv
[4.222s] -- Installing: /home/kevin/LightChaser-Training-34/ros_ws/install/message_interface/share/message_interface/local_setup.bash
[4.222s] -- Installing: /home/kevin/LightChaser-Training-34/ros_ws/install/message_interface/share/message_interface/local_setup.sh
[4.222s] -- Installing: /home/kevin/LightChaser-Training-34/ros_ws/install/message_interface/share/message_interface/local_setup.zsh
[4.222s] -- Installing: /home/kevin/LightChaser-Training-34/ros_ws/install/message_interface/share/message_interface/local_setup.dsv
[4.222s] -- Installing: /home/kevin/LightChaser-Training-34/ros_ws/install/message_interface/share/message_interface/package.dsv
[4.222s] -- Installing: /home/kevin/LightChaser-Training-34/ros_ws/install/message_interface/share/ament_index/resource_index/packages/message_interface
[4.222s] -- Installing: /home/kevin/LightChaser-Training-34/ros_ws/install/message_interface/share/message_interface/cmake/export_message_interface__rosidl_generator_cExport.cmake
[4.222s] -- Installing: /home/kevin/LightChaser-Training-34/ros_ws/install/message_interface/share/message_interface/cmake/export_message_interface__rosidl_generator_cExport-noconfig.cmake
[4.222s] -- Installing: /home/kevin/LightChaser-Training-34/ros_ws/install/message_interface/share/message_interface/cmake/export_message_interface__rosidl_typesupport_fastrtps_cExport.cmake
[4.222s] -- Installing: /home/kevin/LightChaser-Training-34/ros_ws/install/message_interface/share/message_interface/cmake/export_message_interface__rosidl_typesupport_fastrtps_cExport-noconfig.cmake
[4.222s] -- Installing: /home/kevin/LightChaser-Training-34/ros_ws/install/message_interface/share/message_interface/cmake/message_interface__rosidl_typesupport_introspection_cExport.cmake
[4.222s] -- Installing: /home/kevin/LightChaser-Training-34/ros_ws/install/message_interface/share/message_interface/cmake/message_interface__rosidl_typesupport_introspection_cExport-noconfig.cmake
[4.222s] -- Installing: /home/kevin/LightChaser-Training-34/ros_ws/install/message_interface/share/message_interface/cmake/message_interface__rosidl_typesupport_cExport.cmake
[4.222s] -- Installing: /home/kevin/LightChaser-Training-34/ros_ws/install/message_interface/share/message_interface/cmake/message_interface__rosidl_typesupport_cExport-noconfig.cmake
[4.222s] -- Installing: /home/kevin/LightChaser-Training-34/ros_ws/install/message_interface/share/message_interface/cmake/export_message_interface__rosidl_generator_cppExport.cmake
[4.223s] -- Installing: /home/kevin/LightChaser-Training-34/ros_ws/install/message_interface/share/message_interface/cmake/export_message_interface__rosidl_typesupport_fastrtps_cppExport.cmake
[4.223s] -- Installing: /home/kevin/LightChaser-Training-34/ros_ws/install/message_interface/share/message_interface/cmake/export_message_interface__rosidl_typesupport_fastrtps_cppExport-noconfig.cmake
[4.223s] -- Installing: /home/kevin/LightChaser-Training-34/ros_ws/install/message_interface/share/message_interface/cmake/message_interface__rosidl_typesupport_introspection_cppExport.cmake
[4.223s] -- Installing: /home/kevin/LightChaser-Training-34/ros_ws/install/message_interface/share/message_interface/cmake/message_interface__rosidl_typesupport_introspection_cppExport-noconfig.cmake
[4.223s] -- Installing: /home/kevin/LightChaser-Training-34/ros_ws/install/message_interface/share/message_interface/cmake/message_interface__rosidl_typesupport_cppExport.cmake
[4.223s] -- Installing: /home/kevin/LightChaser-Training-34/ros_ws/install/message_interface/share/message_interface/cmake/message_interface__rosidl_typesupport_cppExport-noconfig.cmake
[4.223s] -- Installing: /home/kevin/LightChaser-Training-34/ros_ws/install/message_interface/share/message_interface/cmake/export_message_interface__rosidl_generator_pyExport.cmake
[4.223s] -- Installing: /home/kevin/LightChaser-Training-34/ros_ws/install/message_interface/share/message_interface/cmake/export_message_interface__rosidl_generator_pyExport-noconfig.cmake
[4.223s] -- Installing: /home/kevin/LightChaser-Training-34/ros_ws/install/message_interface/share/message_interface/cmake/rosidl_cmake-extras.cmake
[4.223s] -- Installing: /home/kevin/LightChaser-Training-34/ros_ws/install/message_interface/share/message_interface/cmake/ament_cmake_export_include_directories-extras.cmake
[4.223s] -- Installing: /home/kevin/LightChaser-Training-34/ros_ws/install/message_interface/share/message_interface/cmake/ament_cmake_export_libraries-extras.cmake
[4.223s] -- Installing: /home/kevin/LightChaser-Training-34/ros_ws/install/message_interface/share/message_interface/cmake/ament_cmake_export_targets-extras.cmake
[4.223s] -- Installing: /home/kevin/LightChaser-Training-34/ros_ws/install/message_interface/share/message_interface/cmake/rosidl_cmake_export_typesupport_targets-extras.cmake
[4.223s] -- Installing: /home/kevin/LightChaser-Training-34/ros_ws/install/message_interface/share/message_interface/cmake/ament_cmake_export_dependencies-extras.cmake
[4.223s] -- Installing: /home/kevin/LightChaser-Training-34/ros_ws/install/message_interface/share/message_interface/cmake/rosidl_cmake_export_typesupport_libraries-extras.cmake
[4.223s] -- Installing: /home/kevin/LightChaser-Training-34/ros_ws/install/message_interface/share/message_interface/cmake/rosidl_cmake_aggregate_target-extras.cmake
[4.223s] -- Installing: /home/kevin/LightChaser-Training-34/ros_ws/install/message_interface/share/message_interface/cmake/message_interfaceConfig.cmake
[4.223s] -- Installing: /home/kevin/LightChaser-Training-34/ros_ws/install/message_interface/share/message_interface/cmake/message_interfaceConfig-version.cmake
[4.223s] -- Installing: /home/kevin/LightChaser-Training-34/ros_ws/install/message_interface/share/message_interface/package.xml
[4.225s] Invoked command in '/home/kevin/LightChaser-Training-34/ros_ws/build/message_interface' returned '0': CMAKE_PREFIX_PATH=${CMAKE_PREFIX_PATH}:/home/kevin/LightChaser-Training-34/ros_ws/src/node/install/node:/home/kevin/LightChaser-Training-34/ros_ws/install/node:/opt/ros/jazzy DEBUGINFOD_URLS=https://debuginfod.ubuntu.com /usr/bin/cmake --install /home/kevin/LightChaser-Training-34/ros_ws/build/message_interface
