[  2%] Built target message_interface__rosidl_generator_type_description
[  5%] Built target message_interface__rs
[  5%] Built target ament_cmake_python_copy_message_interface
[  8%] Built target message_interface__cpp
[ 22%] Built target message_interface__rosidl_generator_c
[ 31%] Built target message_interface__rosidl_typesupport_fastrtps_cpp
[ 40%] Built target message_interface__rosidl_typesupport_fastrtps_c
[ 57%] Built target message_interface__rosidl_typesupport_cpp
[ 57%] Built target message_interface__rosidl_typesupport_c
[ 65%] Built target message_interface__rosidl_typesupport_introspection_c
[ 74%] Built target message_interface__rosidl_typesupport_introspection_cpp
[ 74%] Built target message_interface
[ 77%] Built target message_interface__py
[ 82%] Built target message_interface__rosidl_generator_py
[ 88%] Built target message_interface_s__rosidl_typesupport_fastrtps_c
[100%] Built target message_interface_s__rosidl_typesupport_introspection_c
[100%] Built target message_interface_s__rosidl_typesupport_c
running egg_info
writing message_interface.egg-info/PKG-INFO
writing dependency_links to message_interface.egg-info/dependency_links.txt
writing top-level names to message_interface.egg-info/top_level.txt
reading manifest file 'message_interface.egg-info/SOURCES.txt'
writing manifest file 'message_interface.egg-info/SOURCES.txt'
[100%] Built target ament_cmake_python_build_message_interface_egg
-- Install configuration: ""
-- Up-to-date: /home/kevin/LightChaser-Training-34/ros_ws/install/message_interface/share/ament_index/resource_index/rosidl_interfaces/message_interface
-- Up-to-date: /home/kevin/LightChaser-Training-34/ros_ws/install/message_interface/share/message_interface/msg/NodeMessage.json
-- Up-to-date: /home/kevin/LightChaser-Training-34/ros_ws/install/message_interface/include/message_interface/message_interface
-- Up-to-date: /home/kevin/LightChaser-Training-34/ros_ws/install/message_interface/include/message_interface/message_interface/msg
-- Up-to-date: /home/kevin/LightChaser-Training-34/ros_ws/install/message_interface/include/message_interface/message_interface/msg/rosidl_generator_c__visibility_control.h
-- Up-to-date: /home/kevin/LightChaser-Training-34/ros_ws/install/message_interface/include/message_interface/message_interface/msg/node_message.h
-- Up-to-date: /home/kevin/LightChaser-Training-34/ros_ws/install/message_interface/include/message_interface/message_interface/msg/detail
-- Up-to-date: /home/kevin/LightChaser-Training-34/ros_ws/install/message_interface/include/message_interface/message_interface/msg/detail/node_message__functions.h
-- Up-to-date: /home/kevin/LightChaser-Training-34/ros_ws/install/message_interface/include/message_interface/message_interface/msg/detail/node_message__description.c
-- Up-to-date: /home/kevin/LightChaser-Training-34/ros_ws/install/message_interface/include/message_interface/message_interface/msg/detail/node_message__type_support.h
-- Up-to-date: /home/kevin/LightChaser-Training-34/ros_ws/install/message_interface/include/message_interface/message_interface/msg/detail/node_message__functions.c
-- Up-to-date: /home/kevin/LightChaser-Training-34/ros_ws/install/message_interface/include/message_interface/message_interface/msg/detail/node_message__type_support.c
-- Up-to-date: /home/kevin/LightChaser-Training-34/ros_ws/install/message_interface/include/message_interface/message_interface/msg/detail/node_message__struct.h
-- Up-to-date: /home/kevin/LightChaser-Training-34/ros_ws/install/message_interface/share/message_interface/environment/library_path.sh
-- Up-to-date: /home/kevin/LightChaser-Training-34/ros_ws/install/message_interface/share/message_interface/environment/library_path.dsv
-- Up-to-date: /home/kevin/LightChaser-Training-34/ros_ws/install/message_interface/lib/libmessage_interface__rosidl_generator_c.so
-- Up-to-date: /home/kevin/LightChaser-Training-34/ros_ws/install/message_interface/include/message_interface/message_interface
-- Up-to-date: /home/kevin/LightChaser-Training-34/ros_ws/install/message_interface/include/message_interface/message_interface/msg
-- Up-to-date: /home/kevin/LightChaser-Training-34/ros_ws/install/message_interface/include/message_interface/message_interface/msg/rosidl_typesupport_fastrtps_c__visibility_control.h
-- Up-to-date: /home/kevin/LightChaser-Training-34/ros_ws/install/message_interface/include/message_interface/message_interface/msg/detail
-- Up-to-date: /home/kevin/LightChaser-Training-34/ros_ws/install/message_interface/include/message_interface/message_interface/msg/detail/node_message__rosidl_typesupport_fastrtps_c.h
-- Up-to-date: /home/kevin/LightChaser-Training-34/ros_ws/install/message_interface/lib/libmessage_interface__rosidl_typesupport_fastrtps_c.so
-- Up-to-date: /home/kevin/LightChaser-Training-34/ros_ws/install/message_interface/include/message_interface/message_interface
-- Up-to-date: /home/kevin/LightChaser-Training-34/ros_ws/install/message_interface/include/message_interface/message_interface/msg
-- Up-to-date: /home/kevin/LightChaser-Training-34/ros_ws/install/message_interface/include/message_interface/message_interface/msg/rosidl_typesupport_introspection_c__visibility_control.h
-- Up-to-date: /home/kevin/LightChaser-Training-34/ros_ws/install/message_interface/include/message_interface/message_interface/msg/detail
-- Up-to-date: /home/kevin/LightChaser-Training-34/ros_ws/install/message_interface/include/message_interface/message_interface/msg/detail/node_message__rosidl_typesupport_introspection_c.h
-- Up-to-date: /home/kevin/LightChaser-Training-34/ros_ws/install/message_interface/include/message_interface/message_interface/msg/detail/node_message__type_support.c
-- Up-to-date: /home/kevin/LightChaser-Training-34/ros_ws/install/message_interface/lib/libmessage_interface__rosidl_typesupport_introspection_c.so
-- Up-to-date: /home/kevin/LightChaser-Training-34/ros_ws/install/message_interface/lib/libmessage_interface__rosidl_typesupport_c.so
-- Up-to-date: /home/kevin/LightChaser-Training-34/ros_ws/install/message_interface/include/message_interface/message_interface
-- Up-to-date: /home/kevin/LightChaser-Training-34/ros_ws/install/message_interface/include/message_interface/message_interface/msg
-- Up-to-date: /home/kevin/LightChaser-Training-34/ros_ws/install/message_interface/include/message_interface/message_interface/msg/rosidl_generator_cpp__visibility_control.hpp
-- Up-to-date: /home/kevin/LightChaser-Training-34/ros_ws/install/message_interface/include/message_interface/message_interface/msg/node_message.hpp
-- Up-to-date: /home/kevin/LightChaser-Training-34/ros_ws/install/message_interface/include/message_interface/message_interface/msg/detail
-- Up-to-date: /home/kevin/LightChaser-Training-34/ros_ws/install/message_interface/include/message_interface/message_interface/msg/detail/node_message__builder.hpp
-- Up-to-date: /home/kevin/LightChaser-Training-34/ros_ws/install/message_interface/include/message_interface/message_interface/msg/detail/node_message__traits.hpp
-- Up-to-date: /home/kevin/LightChaser-Training-34/ros_ws/install/message_interface/include/message_interface/message_interface/msg/detail/node_message__struct.hpp
-- Up-to-date: /home/kevin/LightChaser-Training-34/ros_ws/install/message_interface/include/message_interface/message_interface/msg/detail/node_message__type_support.hpp
-- Up-to-date: /home/kevin/LightChaser-Training-34/ros_ws/install/message_interface/include/message_interface/message_interface
-- Up-to-date: /home/kevin/LightChaser-Training-34/ros_ws/install/message_interface/include/message_interface/message_interface/msg
-- Up-to-date: /home/kevin/LightChaser-Training-34/ros_ws/install/message_interface/include/message_interface/message_interface/msg/rosidl_typesupport_fastrtps_cpp__visibility_control.h
-- Up-to-date: /home/kevin/LightChaser-Training-34/ros_ws/install/message_interface/include/message_interface/message_interface/msg/detail
-- Up-to-date: /home/kevin/LightChaser-Training-34/ros_ws/install/message_interface/include/message_interface/message_interface/msg/detail/node_message__rosidl_typesupport_fastrtps_cpp.hpp
-- Up-to-date: /home/kevin/LightChaser-Training-34/ros_ws/install/message_interface/include/message_interface/message_interface/msg/detail/dds_fastrtps
-- Up-to-date: /home/kevin/LightChaser-Training-34/ros_ws/install/message_interface/lib/libmessage_interface__rosidl_typesupport_fastrtps_cpp.so
-- Up-to-date: /home/kevin/LightChaser-Training-34/ros_ws/install/message_interface/include/message_interface/message_interface
-- Up-to-date: /home/kevin/LightChaser-Training-34/ros_ws/install/message_interface/include/message_interface/message_interface/msg
-- Up-to-date: /home/kevin/LightChaser-Training-34/ros_ws/install/message_interface/include/message_interface/message_interface/msg/detail
-- Up-to-date: /home/kevin/LightChaser-Training-34/ros_ws/install/message_interface/include/message_interface/message_interface/msg/detail/node_message__rosidl_typesupport_introspection_cpp.hpp
-- Up-to-date: /home/kevin/LightChaser-Training-34/ros_ws/install/message_interface/include/message_interface/message_interface/msg/detail/node_message__type_support.cpp
-- Up-to-date: /home/kevin/LightChaser-Training-34/ros_ws/install/message_interface/lib/libmessage_interface__rosidl_typesupport_introspection_cpp.so
-- Up-to-date: /home/kevin/LightChaser-Training-34/ros_ws/install/message_interface/lib/libmessage_interface__rosidl_typesupport_cpp.so
-- Up-to-date: /home/kevin/LightChaser-Training-34/ros_ws/install/message_interface/share/message_interface/environment/pythonpath.sh
-- Up-to-date: /home/kevin/LightChaser-Training-34/ros_ws/install/message_interface/share/message_interface/environment/pythonpath.dsv
-- Up-to-date: /home/kevin/LightChaser-Training-34/ros_ws/install/message_interface/lib/python3.12/site-packages/message_interface-0.0.0-py3.12.egg-info
-- Installing: /home/kevin/LightChaser-Training-34/ros_ws/install/message_interface/lib/python3.12/site-packages/message_interface-0.0.0-py3.12.egg-info/SOURCES.txt
-- Installing: /home/kevin/LightChaser-Training-34/ros_ws/install/message_interface/lib/python3.12/site-packages/message_interface-0.0.0-py3.12.egg-info/top_level.txt
-- Installing: /home/kevin/LightChaser-Training-34/ros_ws/install/message_interface/lib/python3.12/site-packages/message_interface-0.0.0-py3.12.egg-info/PKG-INFO
-- Installing: /home/kevin/LightChaser-Training-34/ros_ws/install/message_interface/lib/python3.12/site-packages/message_interface-0.0.0-py3.12.egg-info/dependency_links.txt
-- Up-to-date: /home/kevin/LightChaser-Training-34/ros_ws/install/message_interface/lib/python3.12/site-packages/message_interface
-- Up-to-date: /home/kevin/LightChaser-Training-34/ros_ws/install/message_interface/lib/python3.12/site-packages/message_interface/_message_interface_s.ep.rosidl_typesupport_c.c
-- Up-to-date: /home/kevin/LightChaser-Training-34/ros_ws/install/message_interface/lib/python3.12/site-packages/message_interface/_message_interface_s.ep.rosidl_typesupport_introspection_c.c
-- Up-to-date: /home/kevin/LightChaser-Training-34/ros_ws/install/message_interface/lib/python3.12/site-packages/message_interface/_message_interface_s.ep.rosidl_typesupport_fastrtps_c.c
-- Up-to-date: /home/kevin/LightChaser-Training-34/ros_ws/install/message_interface/lib/python3.12/site-packages/message_interface/message_interface_s__rosidl_typesupport_introspection_c.so
-- Up-to-date: /home/kevin/LightChaser-Training-34/ros_ws/install/message_interface/lib/python3.12/site-packages/message_interface/message_interface_s__rosidl_typesupport_fastrtps_c.so
-- Up-to-date: /home/kevin/LightChaser-Training-34/ros_ws/install/message_interface/lib/python3.12/site-packages/message_interface/__init__.py
-- Up-to-date: /home/kevin/LightChaser-Training-34/ros_ws/install/message_interface/lib/python3.12/site-packages/message_interface/msg
-- Up-to-date: /home/kevin/LightChaser-Training-34/ros_ws/install/message_interface/lib/python3.12/site-packages/message_interface/msg/__init__.py
-- Up-to-date: /home/kevin/LightChaser-Training-34/ros_ws/install/message_interface/lib/python3.12/site-packages/message_interface/msg/_node_message_s.c
-- Up-to-date: /home/kevin/LightChaser-Training-34/ros_ws/install/message_interface/lib/python3.12/site-packages/message_interface/msg/_node_message.py
-- Up-to-date: /home/kevin/LightChaser-Training-34/ros_ws/install/message_interface/lib/python3.12/site-packages/message_interface/message_interface_s__rosidl_typesupport_c.so
Listing '/home/kevin/LightChaser-Training-34/ros_ws/install/message_interface/lib/python3.12/site-packages/message_interface'...
Listing '/home/kevin/LightChaser-Training-34/ros_ws/install/message_interface/lib/python3.12/site-packages/message_interface/msg'...
-- Up-to-date: /home/kevin/LightChaser-Training-34/ros_ws/install/message_interface/lib/python3.12/site-packages/message_interface/message_interface_s__rosidl_typesupport_fastrtps_c.so
-- Up-to-date: /home/kevin/LightChaser-Training-34/ros_ws/install/message_interface/lib/python3.12/site-packages/message_interface/message_interface_s__rosidl_typesupport_introspection_c.so
-- Up-to-date: /home/kevin/LightChaser-Training-34/ros_ws/install/message_interface/lib/python3.12/site-packages/message_interface/message_interface_s__rosidl_typesupport_c.so
-- Up-to-date: /home/kevin/LightChaser-Training-34/ros_ws/install/message_interface/lib/libmessage_interface__rosidl_generator_py.so
-- Up-to-date: /home/kevin/LightChaser-Training-34/ros_ws/install/message_interface/share/ament_index/resource_index/rust_packages/message_interface
-- Up-to-date: /home/kevin/LightChaser-Training-34/ros_ws/install/message_interface/share/message_interface/rust
-- Up-to-date: /home/kevin/LightChaser-Training-34/ros_ws/install/message_interface/share/message_interface/rust/Cargo.toml
-- Up-to-date: /home/kevin/LightChaser-Training-34/ros_ws/install/message_interface/share/message_interface/rust/src
-- Up-to-date: /home/kevin/LightChaser-Training-34/ros_ws/install/message_interface/share/message_interface/rust/src/msg.rs
-- Up-to-date: /home/kevin/LightChaser-Training-34/ros_ws/install/message_interface/share/message_interface/rust/src/lib.rs
-- Up-to-date: /home/kevin/LightChaser-Training-34/ros_ws/install/message_interface/share/message_interface/rust/src/msg
-- Up-to-date: /home/kevin/LightChaser-Training-34/ros_ws/install/message_interface/share/message_interface/rust/src/msg/rmw.rs
-- Up-to-date: /home/kevin/LightChaser-Training-34/ros_ws/install/message_interface/share/message_interface/rust/build.rs
-- Up-to-date: /home/kevin/LightChaser-Training-34/ros_ws/install/message_interface/share/message_interface/msg/NodeMessage.idl
-- Up-to-date: /home/kevin/LightChaser-Training-34/ros_ws/install/message_interface/share/message_interface/msg/NodeMessage.msg
-- Up-to-date: /home/kevin/LightChaser-Training-34/ros_ws/install/message_interface/share/ament_index/resource_index/package_run_dependencies/message_interface
-- Up-to-date: /home/kevin/LightChaser-Training-34/ros_ws/install/message_interface/share/ament_index/resource_index/parent_prefix_path/message_interface
-- Up-to-date: /home/kevin/LightChaser-Training-34/ros_ws/install/message_interface/share/message_interface/environment/ament_prefix_path.sh
-- Up-to-date: /home/kevin/LightChaser-Training-34/ros_ws/install/message_interface/share/message_interface/environment/ament_prefix_path.dsv
-- Up-to-date: /home/kevin/LightChaser-Training-34/ros_ws/install/message_interface/share/message_interface/environment/path.sh
-- Up-to-date: /home/kevin/LightChaser-Training-34/ros_ws/install/message_interface/share/message_interface/environment/path.dsv
-- Up-to-date: /home/kevin/LightChaser-Training-34/ros_ws/install/message_interface/share/message_interface/local_setup.bash
-- Up-to-date: /home/kevin/LightChaser-Training-34/ros_ws/install/message_interface/share/message_interface/local_setup.sh
-- Up-to-date: /home/kevin/LightChaser-Training-34/ros_ws/install/message_interface/share/message_interface/local_setup.zsh
-- Up-to-date: /home/kevin/LightChaser-Training-34/ros_ws/install/message_interface/share/message_interface/local_setup.dsv
-- Installing: /home/kevin/LightChaser-Training-34/ros_ws/install/message_interface/share/message_interface/package.dsv
-- Up-to-date: /home/kevin/LightChaser-Training-34/ros_ws/install/message_interface/share/ament_index/resource_index/packages/message_interface
-- Up-to-date: /home/kevin/LightChaser-Training-34/ros_ws/install/message_interface/share/message_interface/cmake/export_message_interface__rosidl_generator_cExport.cmake
-- Up-to-date: /home/kevin/LightChaser-Training-34/ros_ws/install/message_interface/share/message_interface/cmake/export_message_interface__rosidl_generator_cExport-noconfig.cmake
-- Up-to-date: /home/kevin/LightChaser-Training-34/ros_ws/install/message_interface/share/message_interface/cmake/export_message_interface__rosidl_typesupport_fastrtps_cExport.cmake
-- Up-to-date: /home/kevin/LightChaser-Training-34/ros_ws/install/message_interface/share/message_interface/cmake/export_message_interface__rosidl_typesupport_fastrtps_cExport-noconfig.cmake
-- Up-to-date: /home/kevin/LightChaser-Training-34/ros_ws/install/message_interface/share/message_interface/cmake/message_interface__rosidl_typesupport_introspection_cExport.cmake
-- Up-to-date: /home/kevin/LightChaser-Training-34/ros_ws/install/message_interface/share/message_interface/cmake/message_interface__rosidl_typesupport_introspection_cExport-noconfig.cmake
-- Up-to-date: /home/kevin/LightChaser-Training-34/ros_ws/install/message_interface/share/message_interface/cmake/message_interface__rosidl_typesupport_cExport.cmake
-- Up-to-date: /home/kevin/LightChaser-Training-34/ros_ws/install/message_interface/share/message_interface/cmake/message_interface__rosidl_typesupport_cExport-noconfig.cmake
-- Up-to-date: /home/kevin/LightChaser-Training-34/ros_ws/install/message_interface/share/message_interface/cmake/export_message_interface__rosidl_generator_cppExport.cmake
-- Up-to-date: /home/kevin/LightChaser-Training-34/ros_ws/install/message_interface/share/message_interface/cmake/export_message_interface__rosidl_typesupport_fastrtps_cppExport.cmake
-- Up-to-date: /home/kevin/LightChaser-Training-34/ros_ws/install/message_interface/share/message_interface/cmake/export_message_interface__rosidl_typesupport_fastrtps_cppExport-noconfig.cmake
-- Up-to-date: /home/kevin/LightChaser-Training-34/ros_ws/install/message_interface/share/message_interface/cmake/message_interface__rosidl_typesupport_introspection_cppExport.cmake
-- Up-to-date: /home/kevin/LightChaser-Training-34/ros_ws/install/message_interface/share/message_interface/cmake/message_interface__rosidl_typesupport_introspection_cppExport-noconfig.cmake
-- Up-to-date: /home/kevin/LightChaser-Training-34/ros_ws/install/message_interface/share/message_interface/cmake/message_interface__rosidl_typesupport_cppExport.cmake
-- Up-to-date: /home/kevin/LightChaser-Training-34/ros_ws/install/message_interface/share/message_interface/cmake/message_interface__rosidl_typesupport_cppExport-noconfig.cmake
-- Up-to-date: /home/kevin/LightChaser-Training-34/ros_ws/install/message_interface/share/message_interface/cmake/export_message_interface__rosidl_generator_pyExport.cmake
-- Up-to-date: /home/kevin/LightChaser-Training-34/ros_ws/install/message_interface/share/message_interface/cmake/export_message_interface__rosidl_generator_pyExport-noconfig.cmake
-- Up-to-date: /home/kevin/LightChaser-Training-34/ros_ws/install/message_interface/share/message_interface/cmake/rosidl_cmake-extras.cmake
-- Up-to-date: /home/kevin/LightChaser-Training-34/ros_ws/install/message_interface/share/message_interface/cmake/ament_cmake_export_include_directories-extras.cmake
-- Up-to-date: /home/kevin/LightChaser-Training-34/ros_ws/install/message_interface/share/message_interface/cmake/ament_cmake_export_libraries-extras.cmake
-- Up-to-date: /home/kevin/LightChaser-Training-34/ros_ws/install/message_interface/share/message_interface/cmake/ament_cmake_export_targets-extras.cmake
-- Up-to-date: /home/kevin/LightChaser-Training-34/ros_ws/install/message_interface/share/message_interface/cmake/rosidl_cmake_export_typesupport_targets-extras.cmake
-- Up-to-date: /home/kevin/LightChaser-Training-34/ros_ws/install/message_interface/share/message_interface/cmake/ament_cmake_export_dependencies-extras.cmake
-- Up-to-date: /home/kevin/LightChaser-Training-34/ros_ws/install/message_interface/share/message_interface/cmake/rosidl_cmake_export_typesupport_libraries-extras.cmake
-- Up-to-date: /home/kevin/LightChaser-Training-34/ros_ws/install/message_interface/share/message_interface/cmake/rosidl_cmake_aggregate_target-extras.cmake
-- Up-to-date: /home/kevin/LightChaser-Training-34/ros_ws/install/message_interface/share/message_interface/cmake/message_interfaceConfig.cmake
-- Up-to-date: /home/kevin/LightChaser-Training-34/ros_ws/install/message_interface/share/message_interface/cmake/message_interfaceConfig-version.cmake
-- Up-to-date: /home/kevin/LightChaser-Training-34/ros_ws/install/message_interface/share/message_interface/package.xml
