[0.510s] Invoking command in '/home/kevin/LightChaser-Training-34/ros_ws/src/node': DEBUGINFOD_URLS=https://debuginfod.ubuntu.com LD_LIBRARY_PATH=/home/kevin/LightChaser-Training-34/ros_ws/install/message_interface/lib:/opt/MVS/lib/64:/opt/MVS/lib/32:/opt/MVS/lib/64:/opt/MVS/lib/32:/opt/ros/jazzy/opt/rviz_ogre_vendor/lib:/opt/ros/jazzy/lib/x86_64-linux-gnu:/opt/ros/jazzy/opt/gz_math_vendor/lib:/opt/ros/jazzy/opt/gz_utils_vendor/lib:/opt/ros/jazzy/opt/gz_cmake_vendor/lib:/opt/ros/jazzy/lib:/opt/MVS/lib/64:/opt/MVS/lib/32:/opt/MVS/lib/64:/opt/MVS/lib/32 PYTHONPATH=/home/kevin/LightChaser-Training-34/ros_ws/build/node/prefix_override:/usr/lib/python3/dist-packages/colcon_core/task/python/colcon_distutils_commands:/home/kevin/LightChaser-Training-34/ros_ws/install/node/lib/python3.12/site-packages:/home/kevin/LightChaser-Training-34/ros_ws/install/message_interface/lib/python3.12/site-packages:/home/kevin/LightChaser-Training-34/ros_ws/src/node/install/node/lib/python3.12/site-packages:/home/kevin/LightChaser-Training-34/ros_ws/install/node/lib/python3.12/site-packages:/opt/ros/jazzy/lib/python3.12/site-packages /usr/bin/python3 -W ignore:setup.py install is deprecated -W ignore:easy_install command is deprecated setup.py egg_info --egg-base ../../build/node build --build-base /home/kevin/LightChaser-Training-34/ros_ws/build/node/build install --record /home/kevin/LightChaser-Training-34/ros_ws/build/node/install.log --install-scripts $base/lib/node --single-version-externally-managed install_data
[0.667s] running egg_info
[0.677s] writing ../../build/node/node.egg-info/PKG-INFO
[0.678s] writing dependency_links to ../../build/node/node.egg-info/dependency_links.txt
[0.678s] writing entry points to ../../build/node/node.egg-info/entry_points.txt
[0.678s] writing requirements to ../../build/node/node.egg-info/requires.txt
[0.678s] writing top-level names to ../../build/node/node.egg-info/top_level.txt
[0.699s] reading manifest file '../../build/node/node.egg-info/SOURCES.txt'
[0.699s] adding license file 'LICENSE'
[0.699s] writing manifest file '../../build/node/node.egg-info/SOURCES.txt'
[0.700s] running build
[0.700s] running build_py
[0.700s] copying node/node_publisher.py -> /home/kevin/LightChaser-Training-34/ros_ws/build/node/build/lib/node
[0.700s] running install
[0.704s] running install_lib
[0.715s] copying /home/kevin/LightChaser-Training-34/ros_ws/build/node/build/lib/node/node_publisher.py -> /home/kevin/LightChaser-Training-34/ros_ws/install/node/lib/python3.12/site-packages/node
[0.715s] byte-compiling /home/kevin/LightChaser-Training-34/ros_ws/install/node/lib/python3.12/site-packages/node/node_publisher.py to node_publisher.cpython-312.pyc
[0.715s] running install_data
[0.715s] running install_egg_info
[0.727s] removing '/home/kevin/LightChaser-Training-34/ros_ws/install/node/lib/python3.12/site-packages/node-0.0.0-py3.12.egg-info' (and everything under it)
[0.727s] Copying ../../build/node/node.egg-info to /home/kevin/LightChaser-Training-34/ros_ws/install/node/lib/python3.12/site-packages/node-0.0.0-py3.12.egg-info
[0.727s] running install_scripts
[0.801s] Installing node_publisher script to /home/kevin/LightChaser-Training-34/ros_ws/install/node/lib/node
[0.801s] Installing node_subscriber script to /home/kevin/LightChaser-Training-34/ros_ws/install/node/lib/node
[0.801s] writing list of installed files to '/home/kevin/LightChaser-Training-34/ros_ws/build/node/install.log'
[0.818s] Invoked command in '/home/kevin/LightChaser-Training-34/ros_ws/src/node' returned '0': DEBUGINFOD_URLS=https://debuginfod.ubuntu.com LD_LIBRARY_PATH=/home/kevin/LightChaser-Training-34/ros_ws/install/message_interface/lib:/opt/MVS/lib/64:/opt/MVS/lib/32:/opt/MVS/lib/64:/opt/MVS/lib/32:/opt/ros/jazzy/opt/rviz_ogre_vendor/lib:/opt/ros/jazzy/lib/x86_64-linux-gnu:/opt/ros/jazzy/opt/gz_math_vendor/lib:/opt/ros/jazzy/opt/gz_utils_vendor/lib:/opt/ros/jazzy/opt/gz_cmake_vendor/lib:/opt/ros/jazzy/lib:/opt/MVS/lib/64:/opt/MVS/lib/32:/opt/MVS/lib/64:/opt/MVS/lib/32 PYTHONPATH=/home/kevin/LightChaser-Training-34/ros_ws/build/node/prefix_override:/usr/lib/python3/dist-packages/colcon_core/task/python/colcon_distutils_commands:/home/kevin/LightChaser-Training-34/ros_ws/install/node/lib/python3.12/site-packages:/home/kevin/LightChaser-Training-34/ros_ws/install/message_interface/lib/python3.12/site-packages:/home/kevin/LightChaser-Training-34/ros_ws/src/node/install/node/lib/python3.12/site-packages:/home/kevin/LightChaser-Training-34/ros_ws/install/node/lib/python3.12/site-packages:/opt/ros/jazzy/lib/python3.12/site-packages /usr/bin/python3 -W ignore:setup.py install is deprecated -W ignore:easy_install command is deprecated setup.py egg_info --egg-base ../../build/node build --build-base /home/kevin/LightChaser-Training-34/ros_ws/build/node/build install --record /home/kevin/LightChaser-Training-34/ros_ws/build/node/install.log --install-scripts $base/lib/node --single-version-externally-managed install_data
