[0.008s] Invoking command in '/home/kevin/LightChaser-Training-34/ros_ws/build/message_interface': CMAKE_PREFIX_PATH=${CMAKE_PREFIX_PATH}:/home/kevin/LightChaser-Training-34/ros_ws/src/node/install/node:/home/kevin/LightChaser-Training-34/ros_ws/install/node:/opt/ros/jazzy DEBUGINFOD_URLS=https://debuginfod.ubuntu.com /usr/bin/cmake --build /home/kevin/LightChaser-Training-34/ros_ws/build/message_interface -- -j32 -l32
[0.030s] -- Found ament_cmake: 2.5.6 (/opt/ros/jazzy/share/ament_cmake/cmake)
[0.105s] -- Found rosidl_default_generators: 1.6.1 (/opt/ros/jazzy/share/rosidl_default_generators/cmake)
[0.107s] -- Using all available rosidl_typesupport_c: rosidl_typesupport_fastrtps_c;rosidl_typesupport_introspection_c
[0.131s] -- Using all available rosidl_typesupport_cpp: rosidl_typesupport_fastrtps_cpp;rosidl_typesupport_introspection_cpp
[0.156s] -- Found rosidl_adapter: 4.6.9 (/opt/ros/jazzy/share/rosidl_adapter/cmake)
[0.353s] -- Found ament_cmake_ros: 0.12.1 (/opt/ros/jazzy/share/ament_cmake_ros/cmake)
[0.438s] -- Using all available rosidl_typesupport_c: rosidl_typesupport_fastrtps_c;rosidl_typesupport_introspection_c
[0.537s] -- Using all available rosidl_typesupport_cpp: rosidl_typesupport_fastrtps_cpp;rosidl_typesupport_introspection_cpp
[0.538s] -- Found python_cmake_module: 0.11.1 (/opt/ros/jazzy/share/python_cmake_module/cmake)
[0.725s] -- Found Python3: /usr/bin/python3 (found version "3.12.3") found components: Interpreter Development NumPy Development.Module Development.Embed 
[0.754s] -- Found Python3: /usr/bin/python3 (found version "3.12.3") found components: Interpreter 
[0.754s] -- Found ament_lint_auto: 0.17.5 (/opt/ros/jazzy/share/ament_lint_auto/cmake)
[0.761s] -- Added test 'lint_cmake' to check CMake code style
[0.762s] -- Added test 'xmllint' to check XML markup files
[0.763s] -- Configuring done (0.7s)
[0.785s] -- Generating done (0.0s)
[0.792s] -- Build files have been written to: /home/kevin/LightChaser-Training-34/ros_ws/build/message_interface
[0.822s] [  5%] [34m[1mGenerating Rust code for ROS interfaces[0m
[0.822s] [  5%] [34m[1mGenerating type hashes for ROS interfaces[0m
[0.829s] [  5%] Built target ament_cmake_python_copy_message_interface
[0.943s] [  5%] Built target message_interface__rosidl_generator_type_description
[0.952s] [  8%] [34m[1mGenerating C code for ROS interfaces[0m
[0.954s] [  8%] Built target message_interface__rs
[0.961s] [ 11%] [34m[1mGenerating C++ code for ROS interfaces[0m
[0.966s] running egg_info
[0.977s] writing message_interface.egg-info/PKG-INFO
[0.977s] writing dependency_links to message_interface.egg-info/dependency_links.txt
[0.977s] writing top-level names to message_interface.egg-info/top_level.txt
[1.009s] reading manifest file 'message_interface.egg-info/SOURCES.txt'
[1.009s] writing manifest file 'message_interface.egg-info/SOURCES.txt'
[1.031s] [ 11%] Built target ament_cmake_python_build_message_interface_egg
[1.115s] [ 11%] Built target message_interface__cpp
[1.129s] [ 14%] [32mBuilding C object CMakeFiles/message_interface__rosidl_generator_c.dir/rosidl_generator_c/message_interface/msg/detail/node_message__type_support.c.o[0m
[1.129s] [ 20%] [32mBuilding C object CMakeFiles/message_interface__rosidl_generator_c.dir/rosidl_generator_c/message_interface/msg/detail/node_message__functions.c.o[0m
[1.129s] [ 20%] [32mBuilding C object CMakeFiles/message_interface__rosidl_generator_c.dir/rosidl_generator_c/message_interface/msg/detail/node_message__description.c.o[0m
[1.176s] [ 22%] [32m[1mLinking C shared library libmessage_interface__rosidl_generator_c.so[0m
[1.208s] [ 22%] Built target message_interface__rosidl_generator_c
[1.217s] [ 28%] [34m[1mGenerating C++ type support dispatch for ROS interfaces[0m
[1.217s] [ 28%] [34m[1mGenerating C introspection for ROS interfaces[0m
[1.218s] [ 31%] [34m[1mGenerating C type support dispatch for ROS interfaces[0m
[1.218s] [ 34%] [34m[1mGenerating C++ type support for eProsima Fast-RTPS[0m
[1.218s] [ 37%] [34m[1mGenerating C type support for eProsima Fast-RTPS[0m
[1.219s] [ 40%] [34m[1mGenerating C++ introspection for ROS interfaces[0m
[1.408s] [ 42%] [32mBuilding CXX object CMakeFiles/message_interface__rosidl_typesupport_c.dir/rosidl_typesupport_c/message_interface/msg/node_message__type_support.cpp.o[0m
[1.412s] [ 45%] [32mBuilding CXX object CMakeFiles/message_interface__rosidl_typesupport_cpp.dir/rosidl_typesupport_cpp/message_interface/msg/node_message__type_support.cpp.o[0m
[1.424s] [ 48%] [32mBuilding C object CMakeFiles/message_interface__rosidl_typesupport_introspection_c.dir/rosidl_typesupport_introspection_c/message_interface/msg/detail/node_message__type_support.c.o[0m
[1.427s] [ 51%] [32mBuilding CXX object CMakeFiles/message_interface__rosidl_typesupport_introspection_cpp.dir/rosidl_typesupport_introspection_cpp/message_interface/msg/detail/node_message__type_support.cpp.o[0m
[1.440s] [ 54%] [32mBuilding CXX object CMakeFiles/message_interface__rosidl_typesupport_fastrtps_cpp.dir/rosidl_typesupport_fastrtps_cpp/message_interface/msg/detail/dds_fastrtps/node_message__type_support.cpp.o[0m
[1.442s] [ 57%] [32mBuilding CXX object CMakeFiles/message_interface__rosidl_typesupport_fastrtps_c.dir/rosidl_typesupport_fastrtps_c/message_interface/msg/detail/node_message__type_support_c.cpp.o[0m
[1.449s] [ 60%] [32m[1mLinking CXX shared library libmessage_interface__rosidl_typesupport_c.so[0m
[1.458s] [ 62%] [32m[1mLinking C shared library libmessage_interface__rosidl_typesupport_introspection_c.so[0m
[1.489s] [ 62%] Built target message_interface__rosidl_typesupport_c
[1.495s] [ 62%] Built target message_interface__rosidl_typesupport_introspection_c
[1.661s] [ 65%] [32m[1mLinking CXX shared library libmessage_interface__rosidl_typesupport_cpp.so[0m
[1.684s] [ 68%] [32m[1mLinking CXX shared library libmessage_interface__rosidl_typesupport_introspection_cpp.so[0m
[1.709s] [ 68%] Built target message_interface__rosidl_typesupport_cpp
[1.754s] [ 68%] Built target message_interface__rosidl_typesupport_introspection_cpp
[1.804s] [ 71%] [32m[1mLinking CXX shared library libmessage_interface__rosidl_typesupport_fastrtps_cpp.so[0m
[1.818s] [ 74%] [32m[1mLinking CXX shared library libmessage_interface__rosidl_typesupport_fastrtps_c.so[0m
[1.875s] [ 74%] Built target message_interface__rosidl_typesupport_fastrtps_cpp
[1.875s] [ 74%] Built target message_interface__rosidl_typesupport_fastrtps_c
[1.895s] [ 74%] Built target message_interface
[1.912s] [ 77%] [34m[1mGenerating Python code for ROS interfaces[0m
[2.072s] [ 77%] Built target message_interface__py
[2.097s] [ 80%] [32mBuilding C object CMakeFiles/message_interface__rosidl_generator_py.dir/rosidl_generator_py/message_interface/msg/_node_message_s.c.o[0m
[2.183s] [ 82%] [32m[1mLinking C shared library libmessage_interface__rosidl_generator_py.so[0m
[2.220s] [ 82%] Built target message_interface__rosidl_generator_py
[2.239s] [ 85%] [32mBuilding C object CMakeFiles/message_interface_s__rosidl_typesupport_introspection_c.dir/rosidl_generator_py/message_interface/_message_interface_s.ep.rosidl_typesupport_introspection_c.c.o[0m
[2.240s] [ 88%] [32mBuilding C object CMakeFiles/message_interface_s__rosidl_typesupport_fastrtps_c.dir/rosidl_generator_py/message_interface/_message_interface_s.ep.rosidl_typesupport_fastrtps_c.c.o[0m
[2.241s] [ 91%] [32mBuilding C object CMakeFiles/message_interface_s__rosidl_typesupport_c.dir/rosidl_generator_py/message_interface/_message_interface_s.ep.rosidl_typesupport_c.c.o[0m
[2.307s] [ 97%] [32m[1mLinking C shared module rosidl_generator_py/message_interface/message_interface_s__rosidl_typesupport_c.so[0m
[2.307s] [ 97%] [32m[1mLinking C shared module rosidl_generator_py/message_interface/message_interface_s__rosidl_typesupport_introspection_c.so[0m
[2.312s] [100%] [32m[1mLinking C shared module rosidl_generator_py/message_interface/message_interface_s__rosidl_typesupport_fastrtps_c.so[0m
[2.333s] [100%] Built target message_interface_s__rosidl_typesupport_introspection_c
[2.334s] [100%] Built target message_interface_s__rosidl_typesupport_c
[2.335s] [100%] Built target message_interface_s__rosidl_typesupport_fastrtps_c
[2.345s] Invoked command in '/home/kevin/LightChaser-Training-34/ros_ws/build/message_interface' returned '0': CMAKE_PREFIX_PATH=${CMAKE_PREFIX_PATH}:/home/kevin/LightChaser-Training-34/ros_ws/src/node/install/node:/home/kevin/LightChaser-Training-34/ros_ws/install/node:/opt/ros/jazzy DEBUGINFOD_URLS=https://debuginfod.ubuntu.com /usr/bin/cmake --build /home/kevin/LightChaser-Training-34/ros_ws/build/message_interface -- -j32 -l32
[2.354s] Invoking command in '/home/kevin/LightChaser-Training-34/ros_ws/build/message_interface': CMAKE_PREFIX_PATH=${CMAKE_PREFIX_PATH}:/home/kevin/LightChaser-Training-34/ros_ws/src/node/install/node:/home/kevin/LightChaser-Training-34/ros_ws/install/node:/opt/ros/jazzy DEBUGINFOD_URLS=https://debuginfod.ubuntu.com /usr/bin/cmake --install /home/kevin/LightChaser-Training-34/ros_ws/build/message_interface
[2.362s] -- Install configuration: ""
[2.362s] -- Up-to-date: /home/kevin/LightChaser-Training-34/ros_ws/install/message_interface/share/ament_index/resource_index/rosidl_interfaces/message_interface
[2.362s] -- Installing: /home/kevin/LightChaser-Training-34/ros_ws/install/message_interface/share/message_interface/msg/NodeMessage.json
[2.362s] -- Up-to-date: /home/kevin/LightChaser-Training-34/ros_ws/install/message_interface/include/message_interface/message_interface
[2.362s] -- Up-to-date: /home/kevin/LightChaser-Training-34/ros_ws/install/message_interface/include/message_interface/message_interface/msg
[2.362s] -- Up-to-date: /home/kevin/LightChaser-Training-34/ros_ws/install/message_interface/include/message_interface/message_interface/msg/rosidl_generator_c__visibility_control.h
[2.362s] -- Installing: /home/kevin/LightChaser-Training-34/ros_ws/install/message_interface/include/message_interface/message_interface/msg/node_message.h
[2.362s] -- Up-to-date: /home/kevin/LightChaser-Training-34/ros_ws/install/message_interface/include/message_interface/message_interface/msg/detail
[2.362s] -- Installing: /home/kevin/LightChaser-Training-34/ros_ws/install/message_interface/include/message_interface/message_interface/msg/detail/node_message__functions.h
[2.363s] -- Installing: /home/kevin/LightChaser-Training-34/ros_ws/install/message_interface/include/message_interface/message_interface/msg/detail/node_message__description.c
[2.363s] -- Installing: /home/kevin/LightChaser-Training-34/ros_ws/install/message_interface/include/message_interface/message_interface/msg/detail/node_message__type_support.h
[2.363s] -- Installing: /home/kevin/LightChaser-Training-34/ros_ws/install/message_interface/include/message_interface/message_interface/msg/detail/node_message__functions.c
[2.363s] -- Installing: /home/kevin/LightChaser-Training-34/ros_ws/install/message_interface/include/message_interface/message_interface/msg/detail/node_message__type_support.c
[2.363s] -- Installing: /home/kevin/LightChaser-Training-34/ros_ws/install/message_interface/include/message_interface/message_interface/msg/detail/node_message__struct.h
[2.363s] -- Up-to-date: /home/kevin/LightChaser-Training-34/ros_ws/install/message_interface/share/message_interface/environment/library_path.sh
[2.363s] -- Up-to-date: /home/kevin/LightChaser-Training-34/ros_ws/install/message_interface/share/message_interface/environment/library_path.dsv
[2.363s] -- Installing: /home/kevin/LightChaser-Training-34/ros_ws/install/message_interface/lib/libmessage_interface__rosidl_generator_c.so
[2.363s] -- Set non-toolchain portion of runtime path of "/home/kevin/LightChaser-Training-34/ros_ws/install/message_interface/lib/libmessage_interface__rosidl_generator_c.so" to ""
[2.363s] -- Up-to-date: /home/kevin/LightChaser-Training-34/ros_ws/install/message_interface/include/message_interface/message_interface
[2.363s] -- Up-to-date: /home/kevin/LightChaser-Training-34/ros_ws/install/message_interface/include/message_interface/message_interface/msg
[2.363s] -- Up-to-date: /home/kevin/LightChaser-Training-34/ros_ws/install/message_interface/include/message_interface/message_interface/msg/rosidl_typesupport_fastrtps_c__visibility_control.h
[2.364s] -- Up-to-date: /home/kevin/LightChaser-Training-34/ros_ws/install/message_interface/include/message_interface/message_interface/msg/detail
[2.364s] -- Installing: /home/kevin/LightChaser-Training-34/ros_ws/install/message_interface/include/message_interface/message_interface/msg/detail/node_message__rosidl_typesupport_fastrtps_c.h
[2.364s] -- Installing: /home/kevin/LightChaser-Training-34/ros_ws/install/message_interface/lib/libmessage_interface__rosidl_typesupport_fastrtps_c.so
[2.364s] -- Set non-toolchain portion of runtime path of "/home/kevin/LightChaser-Training-34/ros_ws/install/message_interface/lib/libmessage_interface__rosidl_typesupport_fastrtps_c.so" to ""
[2.364s] -- Up-to-date: /home/kevin/LightChaser-Training-34/ros_ws/install/message_interface/include/message_interface/message_interface
[2.364s] -- Up-to-date: /home/kevin/LightChaser-Training-34/ros_ws/install/message_interface/include/message_interface/message_interface/msg
[2.364s] -- Up-to-date: /home/kevin/LightChaser-Training-34/ros_ws/install/message_interface/include/message_interface/message_interface/msg/rosidl_typesupport_introspection_c__visibility_control.h
[2.364s] -- Up-to-date: /home/kevin/LightChaser-Training-34/ros_ws/install/message_interface/include/message_interface/message_interface/msg/detail
[2.364s] -- Installing: /home/kevin/LightChaser-Training-34/ros_ws/install/message_interface/include/message_interface/message_interface/msg/detail/node_message__rosidl_typesupport_introspection_c.h
[2.364s] -- Installing: /home/kevin/LightChaser-Training-34/ros_ws/install/message_interface/include/message_interface/message_interface/msg/detail/node_message__type_support.c
[2.364s] -- Installing: /home/kevin/LightChaser-Training-34/ros_ws/install/message_interface/lib/libmessage_interface__rosidl_typesupport_introspection_c.so
[2.365s] -- Set non-toolchain portion of runtime path of "/home/kevin/LightChaser-Training-34/ros_ws/install/message_interface/lib/libmessage_interface__rosidl_typesupport_introspection_c.so" to ""
[2.365s] -- Installing: /home/kevin/LightChaser-Training-34/ros_ws/install/message_interface/lib/libmessage_interface__rosidl_typesupport_c.so
[2.365s] -- Set non-toolchain portion of runtime path of "/home/kevin/LightChaser-Training-34/ros_ws/install/message_interface/lib/libmessage_interface__rosidl_typesupport_c.so" to ""
[2.365s] -- Up-to-date: /home/kevin/LightChaser-Training-34/ros_ws/install/message_interface/include/message_interface/message_interface
[2.365s] -- Up-to-date: /home/kevin/LightChaser-Training-34/ros_ws/install/message_interface/include/message_interface/message_interface/msg
[2.365s] -- Installing: /home/kevin/LightChaser-Training-34/ros_ws/install/message_interface/include/message_interface/message_interface/msg/rosidl_generator_cpp__visibility_control.hpp
[2.365s] -- Installing: /home/kevin/LightChaser-Training-34/ros_ws/install/message_interface/include/message_interface/message_interface/msg/node_message.hpp
[2.365s] -- Up-to-date: /home/kevin/LightChaser-Training-34/ros_ws/install/message_interface/include/message_interface/message_interface/msg/detail
[2.365s] -- Installing: /home/kevin/LightChaser-Training-34/ros_ws/install/message_interface/include/message_interface/message_interface/msg/detail/node_message__builder.hpp
[2.365s] -- Installing: /home/kevin/LightChaser-Training-34/ros_ws/install/message_interface/include/message_interface/message_interface/msg/detail/node_message__traits.hpp
[2.366s] -- Installing: /home/kevin/LightChaser-Training-34/ros_ws/install/message_interface/include/message_interface/message_interface/msg/detail/node_message__struct.hpp
[2.366s] -- Installing: /home/kevin/LightChaser-Training-34/ros_ws/install/message_interface/include/message_interface/message_interface/msg/detail/node_message__type_support.hpp
[2.366s] -- Up-to-date: /home/kevin/LightChaser-Training-34/ros_ws/install/message_interface/include/message_interface/message_interface
[2.366s] -- Up-to-date: /home/kevin/LightChaser-Training-34/ros_ws/install/message_interface/include/message_interface/message_interface/msg
[2.366s] -- Up-to-date: /home/kevin/LightChaser-Training-34/ros_ws/install/message_interface/include/message_interface/message_interface/msg/rosidl_typesupport_fastrtps_cpp__visibility_control.h
[2.366s] -- Up-to-date: /home/kevin/LightChaser-Training-34/ros_ws/install/message_interface/include/message_interface/message_interface/msg/detail
[2.366s] -- Installing: /home/kevin/LightChaser-Training-34/ros_ws/install/message_interface/include/message_interface/message_interface/msg/detail/node_message__rosidl_typesupport_fastrtps_cpp.hpp
[2.366s] -- Up-to-date: /home/kevin/LightChaser-Training-34/ros_ws/install/message_interface/include/message_interface/message_interface/msg/detail/dds_fastrtps
[2.366s] -- Installing: /home/kevin/LightChaser-Training-34/ros_ws/install/message_interface/lib/libmessage_interface__rosidl_typesupport_fastrtps_cpp.so
[2.366s] -- Set non-toolchain portion of runtime path of "/home/kevin/LightChaser-Training-34/ros_ws/install/message_interface/lib/libmessage_interface__rosidl_typesupport_fastrtps_cpp.so" to ""
[2.367s] -- Up-to-date: /home/kevin/LightChaser-Training-34/ros_ws/install/message_interface/include/message_interface/message_interface
[2.367s] -- Up-to-date: /home/kevin/LightChaser-Training-34/ros_ws/install/message_interface/include/message_interface/message_interface/msg
[2.367s] -- Up-to-date: /home/kevin/LightChaser-Training-34/ros_ws/install/message_interface/include/message_interface/message_interface/msg/detail
[2.367s] -- Installing: /home/kevin/LightChaser-Training-34/ros_ws/install/message_interface/include/message_interface/message_interface/msg/detail/node_message__rosidl_typesupport_introspection_cpp.hpp
[2.367s] -- Installing: /home/kevin/LightChaser-Training-34/ros_ws/install/message_interface/include/message_interface/message_interface/msg/detail/node_message__type_support.cpp
[2.367s] -- Installing: /home/kevin/LightChaser-Training-34/ros_ws/install/message_interface/lib/libmessage_interface__rosidl_typesupport_introspection_cpp.so
[2.367s] -- Set non-toolchain portion of runtime path of "/home/kevin/LightChaser-Training-34/ros_ws/install/message_interface/lib/libmessage_interface__rosidl_typesupport_introspection_cpp.so" to ""
[2.367s] -- Installing: /home/kevin/LightChaser-Training-34/ros_ws/install/message_interface/lib/libmessage_interface__rosidl_typesupport_cpp.so
[2.367s] -- Set non-toolchain portion of runtime path of "/home/kevin/LightChaser-Training-34/ros_ws/install/message_interface/lib/libmessage_interface__rosidl_typesupport_cpp.so" to ""
[2.367s] -- Up-to-date: /home/kevin/LightChaser-Training-34/ros_ws/install/message_interface/share/message_interface/environment/pythonpath.sh
[2.367s] -- Up-to-date: /home/kevin/LightChaser-Training-34/ros_ws/install/message_interface/share/message_interface/environment/pythonpath.dsv
[2.367s] -- Up-to-date: /home/kevin/LightChaser-Training-34/ros_ws/install/message_interface/lib/python3.12/site-packages/message_interface-0.0.0-py3.12.egg-info
[2.368s] -- Installing: /home/kevin/LightChaser-Training-34/ros_ws/install/message_interface/lib/python3.12/site-packages/message_interface-0.0.0-py3.12.egg-info/SOURCES.txt
[2.368s] -- Installing: /home/kevin/LightChaser-Training-34/ros_ws/install/message_interface/lib/python3.12/site-packages/message_interface-0.0.0-py3.12.egg-info/top_level.txt
[2.368s] -- Installing: /home/kevin/LightChaser-Training-34/ros_ws/install/message_interface/lib/python3.12/site-packages/message_interface-0.0.0-py3.12.egg-info/PKG-INFO
[2.368s] -- Installing: /home/kevin/LightChaser-Training-34/ros_ws/install/message_interface/lib/python3.12/site-packages/message_interface-0.0.0-py3.12.egg-info/dependency_links.txt
[2.368s] -- Up-to-date: /home/kevin/LightChaser-Training-34/ros_ws/install/message_interface/lib/python3.12/site-packages/message_interface
[2.368s] -- Installing: /home/kevin/LightChaser-Training-34/ros_ws/install/message_interface/lib/python3.12/site-packages/message_interface/_message_interface_s.ep.rosidl_typesupport_c.c
[2.368s] -- Installing: /home/kevin/LightChaser-Training-34/ros_ws/install/message_interface/lib/python3.12/site-packages/message_interface/_message_interface_s.ep.rosidl_typesupport_introspection_c.c
[2.368s] -- Installing: /home/kevin/LightChaser-Training-34/ros_ws/install/message_interface/lib/python3.12/site-packages/message_interface/_message_interface_s.ep.rosidl_typesupport_fastrtps_c.c
[2.368s] -- Installing: /home/kevin/LightChaser-Training-34/ros_ws/install/message_interface/lib/python3.12/site-packages/message_interface/message_interface_s__rosidl_typesupport_introspection_c.so
[2.368s] -- Installing: /home/kevin/LightChaser-Training-34/ros_ws/install/message_interface/lib/python3.12/site-packages/message_interface/message_interface_s__rosidl_typesupport_fastrtps_c.so
[2.368s] -- Installing: /home/kevin/LightChaser-Training-34/ros_ws/install/message_interface/lib/python3.12/site-packages/message_interface/__init__.py
[2.368s] -- Up-to-date: /home/kevin/LightChaser-Training-34/ros_ws/install/message_interface/lib/python3.12/site-packages/message_interface/msg
[2.368s] -- Installing: /home/kevin/LightChaser-Training-34/ros_ws/install/message_interface/lib/python3.12/site-packages/message_interface/msg/__init__.py
[2.368s] -- Installing: /home/kevin/LightChaser-Training-34/ros_ws/install/message_interface/lib/python3.12/site-packages/message_interface/msg/_node_message_s.c
[2.368s] -- Installing: /home/kevin/LightChaser-Training-34/ros_ws/install/message_interface/lib/python3.12/site-packages/message_interface/msg/_node_message.py
[2.369s] -- Installing: /home/kevin/LightChaser-Training-34/ros_ws/install/message_interface/lib/python3.12/site-packages/message_interface/message_interface_s__rosidl_typesupport_c.so
[2.398s] Listing '/home/kevin/LightChaser-Training-34/ros_ws/install/message_interface/lib/python3.12/site-packages/message_interface'...
[2.398s] Compiling '/home/kevin/LightChaser-Training-34/ros_ws/install/message_interface/lib/python3.12/site-packages/message_interface/__init__.py'...
[2.398s] Listing '/home/kevin/LightChaser-Training-34/ros_ws/install/message_interface/lib/python3.12/site-packages/message_interface/msg'...
[2.398s] Compiling '/home/kevin/LightChaser-Training-34/ros_ws/install/message_interface/lib/python3.12/site-packages/message_interface/msg/__init__.py'...
[2.398s] Compiling '/home/kevin/LightChaser-Training-34/ros_ws/install/message_interface/lib/python3.12/site-packages/message_interface/msg/_node_message.py'...
[2.402s] -- Installing: /home/kevin/LightChaser-Training-34/ros_ws/install/message_interface/lib/python3.12/site-packages/message_interface/message_interface_s__rosidl_typesupport_fastrtps_c.so
[2.403s] -- Set non-toolchain portion of runtime path of "/home/kevin/LightChaser-Training-34/ros_ws/install/message_interface/lib/python3.12/site-packages/message_interface/message_interface_s__rosidl_typesupport_fastrtps_c.so" to ""
[2.403s] -- Installing: /home/kevin/LightChaser-Training-34/ros_ws/install/message_interface/lib/python3.12/site-packages/message_interface/message_interface_s__rosidl_typesupport_introspection_c.so
[2.403s] -- Set non-toolchain portion of runtime path of "/home/kevin/LightChaser-Training-34/ros_ws/install/message_interface/lib/python3.12/site-packages/message_interface/message_interface_s__rosidl_typesupport_introspection_c.so" to ""
[2.403s] -- Installing: /home/kevin/LightChaser-Training-34/ros_ws/install/message_interface/lib/python3.12/site-packages/message_interface/message_interface_s__rosidl_typesupport_c.so
[2.403s] -- Set non-toolchain portion of runtime path of "/home/kevin/LightChaser-Training-34/ros_ws/install/message_interface/lib/python3.12/site-packages/message_interface/message_interface_s__rosidl_typesupport_c.so" to ""
[2.403s] -- Installing: /home/kevin/LightChaser-Training-34/ros_ws/install/message_interface/lib/libmessage_interface__rosidl_generator_py.so
[2.403s] -- Set non-toolchain portion of runtime path of "/home/kevin/LightChaser-Training-34/ros_ws/install/message_interface/lib/libmessage_interface__rosidl_generator_py.so" to ""
[2.403s] -- Up-to-date: /home/kevin/LightChaser-Training-34/ros_ws/install/message_interface/share/ament_index/resource_index/rust_packages/message_interface
[2.403s] -- Up-to-date: /home/kevin/LightChaser-Training-34/ros_ws/install/message_interface/share/message_interface/rust
[2.403s] -- Installing: /home/kevin/LightChaser-Training-34/ros_ws/install/message_interface/share/message_interface/rust/Cargo.toml
[2.403s] -- Up-to-date: /home/kevin/LightChaser-Training-34/ros_ws/install/message_interface/share/message_interface/rust/src
[2.403s] -- Installing: /home/kevin/LightChaser-Training-34/ros_ws/install/message_interface/share/message_interface/rust/src/msg.rs
[2.403s] -- Installing: /home/kevin/LightChaser-Training-34/ros_ws/install/message_interface/share/message_interface/rust/src/lib.rs
[2.403s] -- Up-to-date: /home/kevin/LightChaser-Training-34/ros_ws/install/message_interface/share/message_interface/rust/src/msg
[2.403s] -- Installing: /home/kevin/LightChaser-Training-34/ros_ws/install/message_interface/share/message_interface/rust/src/msg/rmw.rs
[2.403s] -- Installing: /home/kevin/LightChaser-Training-34/ros_ws/install/message_interface/share/message_interface/rust/build.rs
[2.403s] -- Installing: /home/kevin/LightChaser-Training-34/ros_ws/install/message_interface/share/message_interface/msg/NodeMessage.idl
[2.403s] -- Installing: /home/kevin/LightChaser-Training-34/ros_ws/install/message_interface/share/message_interface/msg/NodeMessage.msg
[2.404s] -- Up-to-date: /home/kevin/LightChaser-Training-34/ros_ws/install/message_interface/share/ament_index/resource_index/package_run_dependencies/message_interface
[2.404s] -- Up-to-date: /home/kevin/LightChaser-Training-34/ros_ws/install/message_interface/share/ament_index/resource_index/parent_prefix_path/message_interface
[2.404s] -- Up-to-date: /home/kevin/LightChaser-Training-34/ros_ws/install/message_interface/share/message_interface/environment/ament_prefix_path.sh
[2.404s] -- Up-to-date: /home/kevin/LightChaser-Training-34/ros_ws/install/message_interface/share/message_interface/environment/ament_prefix_path.dsv
[2.404s] -- Up-to-date: /home/kevin/LightChaser-Training-34/ros_ws/install/message_interface/share/message_interface/environment/path.sh
[2.404s] -- Up-to-date: /home/kevin/LightChaser-Training-34/ros_ws/install/message_interface/share/message_interface/environment/path.dsv
[2.404s] -- Up-to-date: /home/kevin/LightChaser-Training-34/ros_ws/install/message_interface/share/message_interface/local_setup.bash
[2.404s] -- Up-to-date: /home/kevin/LightChaser-Training-34/ros_ws/install/message_interface/share/message_interface/local_setup.sh
[2.404s] -- Up-to-date: /home/kevin/LightChaser-Training-34/ros_ws/install/message_interface/share/message_interface/local_setup.zsh
[2.404s] -- Up-to-date: /home/kevin/LightChaser-Training-34/ros_ws/install/message_interface/share/message_interface/local_setup.dsv
[2.404s] -- Installing: /home/kevin/LightChaser-Training-34/ros_ws/install/message_interface/share/message_interface/package.dsv
[2.404s] -- Up-to-date: /home/kevin/LightChaser-Training-34/ros_ws/install/message_interface/share/ament_index/resource_index/packages/message_interface
[2.404s] -- Up-to-date: /home/kevin/LightChaser-Training-34/ros_ws/install/message_interface/share/message_interface/cmake/export_message_interface__rosidl_generator_cExport.cmake
[2.404s] -- Up-to-date: /home/kevin/LightChaser-Training-34/ros_ws/install/message_interface/share/message_interface/cmake/export_message_interface__rosidl_generator_cExport-noconfig.cmake
[2.404s] -- Up-to-date: /home/kevin/LightChaser-Training-34/ros_ws/install/message_interface/share/message_interface/cmake/export_message_interface__rosidl_typesupport_fastrtps_cExport.cmake
[2.404s] -- Up-to-date: /home/kevin/LightChaser-Training-34/ros_ws/install/message_interface/share/message_interface/cmake/export_message_interface__rosidl_typesupport_fastrtps_cExport-noconfig.cmake
[2.404s] -- Up-to-date: /home/kevin/LightChaser-Training-34/ros_ws/install/message_interface/share/message_interface/cmake/message_interface__rosidl_typesupport_introspection_cExport.cmake
[2.404s] -- Up-to-date: /home/kevin/LightChaser-Training-34/ros_ws/install/message_interface/share/message_interface/cmake/message_interface__rosidl_typesupport_introspection_cExport-noconfig.cmake
[2.404s] -- Up-to-date: /home/kevin/LightChaser-Training-34/ros_ws/install/message_interface/share/message_interface/cmake/message_interface__rosidl_typesupport_cExport.cmake
[2.404s] -- Up-to-date: /home/kevin/LightChaser-Training-34/ros_ws/install/message_interface/share/message_interface/cmake/message_interface__rosidl_typesupport_cExport-noconfig.cmake
[2.404s] -- Up-to-date: /home/kevin/LightChaser-Training-34/ros_ws/install/message_interface/share/message_interface/cmake/export_message_interface__rosidl_generator_cppExport.cmake
[2.404s] -- Up-to-date: /home/kevin/LightChaser-Training-34/ros_ws/install/message_interface/share/message_interface/cmake/export_message_interface__rosidl_typesupport_fastrtps_cppExport.cmake
[2.404s] -- Up-to-date: /home/kevin/LightChaser-Training-34/ros_ws/install/message_interface/share/message_interface/cmake/export_message_interface__rosidl_typesupport_fastrtps_cppExport-noconfig.cmake
[2.405s] -- Up-to-date: /home/kevin/LightChaser-Training-34/ros_ws/install/message_interface/share/message_interface/cmake/message_interface__rosidl_typesupport_introspection_cppExport.cmake
[2.405s] -- Up-to-date: /home/kevin/LightChaser-Training-34/ros_ws/install/message_interface/share/message_interface/cmake/message_interface__rosidl_typesupport_introspection_cppExport-noconfig.cmake
[2.405s] -- Up-to-date: /home/kevin/LightChaser-Training-34/ros_ws/install/message_interface/share/message_interface/cmake/message_interface__rosidl_typesupport_cppExport.cmake
[2.405s] -- Up-to-date: /home/kevin/LightChaser-Training-34/ros_ws/install/message_interface/share/message_interface/cmake/message_interface__rosidl_typesupport_cppExport-noconfig.cmake
[2.405s] -- Up-to-date: /home/kevin/LightChaser-Training-34/ros_ws/install/message_interface/share/message_interface/cmake/export_message_interface__rosidl_generator_pyExport.cmake
[2.405s] -- Up-to-date: /home/kevin/LightChaser-Training-34/ros_ws/install/message_interface/share/message_interface/cmake/export_message_interface__rosidl_generator_pyExport-noconfig.cmake
[2.405s] -- Up-to-date: /home/kevin/LightChaser-Training-34/ros_ws/install/message_interface/share/message_interface/cmake/rosidl_cmake-extras.cmake
[2.405s] -- Up-to-date: /home/kevin/LightChaser-Training-34/ros_ws/install/message_interface/share/message_interface/cmake/ament_cmake_export_include_directories-extras.cmake
[2.405s] -- Up-to-date: /home/kevin/LightChaser-Training-34/ros_ws/install/message_interface/share/message_interface/cmake/ament_cmake_export_libraries-extras.cmake
[2.405s] -- Up-to-date: /home/kevin/LightChaser-Training-34/ros_ws/install/message_interface/share/message_interface/cmake/ament_cmake_export_targets-extras.cmake
[2.405s] -- Up-to-date: /home/kevin/LightChaser-Training-34/ros_ws/install/message_interface/share/message_interface/cmake/rosidl_cmake_export_typesupport_targets-extras.cmake
[2.405s] -- Up-to-date: /home/kevin/LightChaser-Training-34/ros_ws/install/message_interface/share/message_interface/cmake/ament_cmake_export_dependencies-extras.cmake
[2.405s] -- Up-to-date: /home/kevin/LightChaser-Training-34/ros_ws/install/message_interface/share/message_interface/cmake/rosidl_cmake_export_typesupport_libraries-extras.cmake
[2.405s] -- Up-to-date: /home/kevin/LightChaser-Training-34/ros_ws/install/message_interface/share/message_interface/cmake/rosidl_cmake_aggregate_target-extras.cmake
[2.405s] -- Up-to-date: /home/kevin/LightChaser-Training-34/ros_ws/install/message_interface/share/message_interface/cmake/message_interfaceConfig.cmake
[2.405s] -- Up-to-date: /home/kevin/LightChaser-Training-34/ros_ws/install/message_interface/share/message_interface/cmake/message_interfaceConfig-version.cmake
[2.405s] -- Up-to-date: /home/kevin/LightChaser-Training-34/ros_ws/install/message_interface/share/message_interface/package.xml
[2.406s] Invoked command in '/home/kevin/LightChaser-Training-34/ros_ws/build/message_interface' returned '0': CMAKE_PREFIX_PATH=${CMAKE_PREFIX_PATH}:/home/kevin/LightChaser-Training-34/ros_ws/src/node/install/node:/home/kevin/LightChaser-Training-34/ros_ws/install/node:/opt/ros/jazzy DEBUGINFOD_URLS=https://debuginfod.ubuntu.com /usr/bin/cmake --install /home/kevin/LightChaser-Training-34/ros_ws/build/message_interface
