[0.008s] Invoking command in '/home/kevin/LightChaser-Training-34/ros_ws/build/message_interface': CMAKE_PREFIX_PATH=${CMAKE_PREFIX_PATH}:/home/kevin/LightChaser-Training-34/ros_ws/src/node/install/node:/home/kevin/LightChaser-Training-34/ros_ws/install/node:/opt/ros/jazzy DEBUGINFOD_URLS=https://debuginfod.ubuntu.com /usr/bin/cmake --build /home/kevin/LightChaser-Training-34/ros_ws/build/message_interface -- -j32 -l32
[0.052s] [  2%] Built target message_interface__rosidl_generator_type_description
[0.053s] [  5%] Built target message_interface__rs
[0.059s] [  5%] Built target ament_cmake_python_copy_message_interface
[0.069s] [  8%] Built target message_interface__cpp
[0.071s] [ 22%] Built target message_interface__rosidl_generator_c
[0.088s] [ 37%] Built target message_interface__rosidl_typesupport_c
[0.088s] [ 40%] Built target message_interface__rosidl_typesupport_cpp
[0.088s] [ 48%] Built target message_interface__rosidl_typesupport_fastrtps_c
[0.088s] [ 57%] Built target message_interface__rosidl_typesupport_introspection_c
[0.090s] [ 65%] Built target message_interface__rosidl_typesupport_introspection_cpp
[0.091s] [ 74%] Built target message_interface__rosidl_typesupport_fastrtps_cpp
[0.108s] [ 74%] Built target message_interface
[0.125s] [ 77%] Built target message_interface__py
[0.145s] [ 82%] Built target message_interface__rosidl_generator_py
[0.163s] [ 91%] Built target message_interface_s__rosidl_typesupport_fastrtps_c
[0.163s] [ 94%] Built target message_interface_s__rosidl_typesupport_c
[0.163s] [100%] Built target message_interface_s__rosidl_typesupport_introspection_c
[0.195s] running egg_info
[0.206s] writing message_interface.egg-info/PKG-INFO
[0.206s] writing dependency_links to message_interface.egg-info/dependency_links.txt
[0.207s] writing top-level names to message_interface.egg-info/top_level.txt
[0.237s] reading manifest file 'message_interface.egg-info/SOURCES.txt'
[0.237s] writing manifest file 'message_interface.egg-info/SOURCES.txt'
[0.258s] [100%] Built target ament_cmake_python_build_message_interface_egg
[0.269s] Invoked command in '/home/kevin/LightChaser-Training-34/ros_ws/build/message_interface' returned '0': CMAKE_PREFIX_PATH=${CMAKE_PREFIX_PATH}:/home/kevin/LightChaser-Training-34/ros_ws/src/node/install/node:/home/kevin/LightChaser-Training-34/ros_ws/install/node:/opt/ros/jazzy DEBUGINFOD_URLS=https://debuginfod.ubuntu.com /usr/bin/cmake --build /home/kevin/LightChaser-Training-34/ros_ws/build/message_interface -- -j32 -l32
[0.278s] Invoking command in '/home/kevin/LightChaser-Training-34/ros_ws/build/message_interface': CMAKE_PREFIX_PATH=${CMAKE_PREFIX_PATH}:/home/kevin/LightChaser-Training-34/ros_ws/src/node/install/node:/home/kevin/LightChaser-Training-34/ros_ws/install/node:/opt/ros/jazzy DEBUGINFOD_URLS=https://debuginfod.ubuntu.com /usr/bin/cmake --install /home/kevin/LightChaser-Training-34/ros_ws/build/message_interface
[0.283s] -- Install configuration: ""
[0.283s] -- Up-to-date: /home/kevin/LightChaser-Training-34/ros_ws/install/message_interface/share/ament_index/resource_index/rosidl_interfaces/message_interface
[0.284s] -- Up-to-date: /home/kevin/LightChaser-Training-34/ros_ws/install/message_interface/share/message_interface/msg/NodeMessage.json
[0.284s] -- Up-to-date: /home/kevin/LightChaser-Training-34/ros_ws/install/message_interface/include/message_interface/message_interface
[0.284s] -- Up-to-date: /home/kevin/LightChaser-Training-34/ros_ws/install/message_interface/include/message_interface/message_interface/msg
[0.284s] -- Up-to-date: /home/kevin/LightChaser-Training-34/ros_ws/install/message_interface/include/message_interface/message_interface/msg/rosidl_generator_c__visibility_control.h
[0.284s] -- Up-to-date: /home/kevin/LightChaser-Training-34/ros_ws/install/message_interface/include/message_interface/message_interface/msg/node_message.h
[0.284s] -- Up-to-date: /home/kevin/LightChaser-Training-34/ros_ws/install/message_interface/include/message_interface/message_interface/msg/detail
[0.284s] -- Up-to-date: /home/kevin/LightChaser-Training-34/ros_ws/install/message_interface/include/message_interface/message_interface/msg/detail/node_message__functions.h
[0.284s] -- Up-to-date: /home/kevin/LightChaser-Training-34/ros_ws/install/message_interface/include/message_interface/message_interface/msg/detail/node_message__description.c
[0.285s] -- Up-to-date: /home/kevin/LightChaser-Training-34/ros_ws/install/message_interface/include/message_interface/message_interface/msg/detail/node_message__type_support.h
[0.285s] -- Up-to-date: /home/kevin/LightChaser-Training-34/ros_ws/install/message_interface/include/message_interface/message_interface/msg/detail/node_message__functions.c
[0.285s] -- Up-to-date: /home/kevin/LightChaser-Training-34/ros_ws/install/message_interface/include/message_interface/message_interface/msg/detail/node_message__type_support.c
[0.285s] -- Up-to-date: /home/kevin/LightChaser-Training-34/ros_ws/install/message_interface/include/message_interface/message_interface/msg/detail/node_message__struct.h
[0.285s] -- Up-to-date: /home/kevin/LightChaser-Training-34/ros_ws/install/message_interface/share/message_interface/environment/library_path.sh
[0.285s] -- Up-to-date: /home/kevin/LightChaser-Training-34/ros_ws/install/message_interface/share/message_interface/environment/library_path.dsv
[0.285s] -- Up-to-date: /home/kevin/LightChaser-Training-34/ros_ws/install/message_interface/lib/libmessage_interface__rosidl_generator_c.so
[0.285s] -- Up-to-date: /home/kevin/LightChaser-Training-34/ros_ws/install/message_interface/include/message_interface/message_interface
[0.285s] -- Up-to-date: /home/kevin/LightChaser-Training-34/ros_ws/install/message_interface/include/message_interface/message_interface/msg
[0.285s] -- Up-to-date: /home/kevin/LightChaser-Training-34/ros_ws/install/message_interface/include/message_interface/message_interface/msg/rosidl_typesupport_fastrtps_c__visibility_control.h
[0.285s] -- Up-to-date: /home/kevin/LightChaser-Training-34/ros_ws/install/message_interface/include/message_interface/message_interface/msg/detail
[0.285s] -- Up-to-date: /home/kevin/LightChaser-Training-34/ros_ws/install/message_interface/include/message_interface/message_interface/msg/detail/node_message__rosidl_typesupport_fastrtps_c.h
[0.285s] -- Up-to-date: /home/kevin/LightChaser-Training-34/ros_ws/install/message_interface/lib/libmessage_interface__rosidl_typesupport_fastrtps_c.so
[0.286s] -- Up-to-date: /home/kevin/LightChaser-Training-34/ros_ws/install/message_interface/include/message_interface/message_interface
[0.286s] -- Up-to-date: /home/kevin/LightChaser-Training-34/ros_ws/install/message_interface/include/message_interface/message_interface/msg
[0.286s] -- Up-to-date: /home/kevin/LightChaser-Training-34/ros_ws/install/message_interface/include/message_interface/message_interface/msg/rosidl_typesupport_introspection_c__visibility_control.h
[0.286s] -- Up-to-date: /home/kevin/LightChaser-Training-34/ros_ws/install/message_interface/include/message_interface/message_interface/msg/detail
[0.286s] -- Up-to-date: /home/kevin/LightChaser-Training-34/ros_ws/install/message_interface/include/message_interface/message_interface/msg/detail/node_message__rosidl_typesupport_introspection_c.h
[0.286s] -- Up-to-date: /home/kevin/LightChaser-Training-34/ros_ws/install/message_interface/include/message_interface/message_interface/msg/detail/node_message__type_support.c
[0.286s] -- Up-to-date: /home/kevin/LightChaser-Training-34/ros_ws/install/message_interface/lib/libmessage_interface__rosidl_typesupport_introspection_c.so
[0.286s] -- Up-to-date: /home/kevin/LightChaser-Training-34/ros_ws/install/message_interface/lib/libmessage_interface__rosidl_typesupport_c.so
[0.286s] -- Up-to-date: /home/kevin/LightChaser-Training-34/ros_ws/install/message_interface/include/message_interface/message_interface
[0.286s] -- Up-to-date: /home/kevin/LightChaser-Training-34/ros_ws/install/message_interface/include/message_interface/message_interface/msg
[0.286s] -- Up-to-date: /home/kevin/LightChaser-Training-34/ros_ws/install/message_interface/include/message_interface/message_interface/msg/rosidl_generator_cpp__visibility_control.hpp
[0.286s] -- Up-to-date: /home/kevin/LightChaser-Training-34/ros_ws/install/message_interface/include/message_interface/message_interface/msg/node_message.hpp
[0.286s] -- Up-to-date: /home/kevin/LightChaser-Training-34/ros_ws/install/message_interface/include/message_interface/message_interface/msg/detail
[0.286s] -- Up-to-date: /home/kevin/LightChaser-Training-34/ros_ws/install/message_interface/include/message_interface/message_interface/msg/detail/node_message__builder.hpp
[0.286s] -- Up-to-date: /home/kevin/LightChaser-Training-34/ros_ws/install/message_interface/include/message_interface/message_interface/msg/detail/node_message__traits.hpp
[0.286s] -- Up-to-date: /home/kevin/LightChaser-Training-34/ros_ws/install/message_interface/include/message_interface/message_interface/msg/detail/node_message__struct.hpp
[0.286s] -- Up-to-date: /home/kevin/LightChaser-Training-34/ros_ws/install/message_interface/include/message_interface/message_interface/msg/detail/node_message__type_support.hpp
[0.286s] -- Up-to-date: /home/kevin/LightChaser-Training-34/ros_ws/install/message_interface/include/message_interface/message_interface
[0.286s] -- Up-to-date: /home/kevin/LightChaser-Training-34/ros_ws/install/message_interface/include/message_interface/message_interface/msg
[0.286s] -- Up-to-date: /home/kevin/LightChaser-Training-34/ros_ws/install/message_interface/include/message_interface/message_interface/msg/rosidl_typesupport_fastrtps_cpp__visibility_control.h
[0.286s] -- Up-to-date: /home/kevin/LightChaser-Training-34/ros_ws/install/message_interface/include/message_interface/message_interface/msg/detail
[0.286s] -- Up-to-date: /home/kevin/LightChaser-Training-34/ros_ws/install/message_interface/include/message_interface/message_interface/msg/detail/node_message__rosidl_typesupport_fastrtps_cpp.hpp
[0.286s] -- Up-to-date: /home/kevin/LightChaser-Training-34/ros_ws/install/message_interface/include/message_interface/message_interface/msg/detail/dds_fastrtps
[0.286s] -- Up-to-date: /home/kevin/LightChaser-Training-34/ros_ws/install/message_interface/lib/libmessage_interface__rosidl_typesupport_fastrtps_cpp.so
[0.286s] -- Up-to-date: /home/kevin/LightChaser-Training-34/ros_ws/install/message_interface/include/message_interface/message_interface
[0.286s] -- Up-to-date: /home/kevin/LightChaser-Training-34/ros_ws/install/message_interface/include/message_interface/message_interface/msg
[0.286s] -- Up-to-date: /home/kevin/LightChaser-Training-34/ros_ws/install/message_interface/include/message_interface/message_interface/msg/detail
[0.287s] -- Up-to-date: /home/kevin/LightChaser-Training-34/ros_ws/install/message_interface/include/message_interface/message_interface/msg/detail/node_message__rosidl_typesupport_introspection_cpp.hpp
[0.287s] -- Up-to-date: /home/kevin/LightChaser-Training-34/ros_ws/install/message_interface/include/message_interface/message_interface/msg/detail/node_message__type_support.cpp
[0.287s] -- Up-to-date: /home/kevin/LightChaser-Training-34/ros_ws/install/message_interface/lib/libmessage_interface__rosidl_typesupport_introspection_cpp.so
[0.287s] -- Up-to-date: /home/kevin/LightChaser-Training-34/ros_ws/install/message_interface/lib/libmessage_interface__rosidl_typesupport_cpp.so
[0.287s] -- Up-to-date: /home/kevin/LightChaser-Training-34/ros_ws/install/message_interface/share/message_interface/environment/pythonpath.sh
[0.287s] -- Up-to-date: /home/kevin/LightChaser-Training-34/ros_ws/install/message_interface/share/message_interface/environment/pythonpath.dsv
[0.287s] -- Up-to-date: /home/kevin/LightChaser-Training-34/ros_ws/install/message_interface/lib/python3.12/site-packages/message_interface-0.0.0-py3.12.egg-info
[0.287s] -- Installing: /home/kevin/LightChaser-Training-34/ros_ws/install/message_interface/lib/python3.12/site-packages/message_interface-0.0.0-py3.12.egg-info/SOURCES.txt
[0.287s] -- Installing: /home/kevin/LightChaser-Training-34/ros_ws/install/message_interface/lib/python3.12/site-packages/message_interface-0.0.0-py3.12.egg-info/top_level.txt
[0.287s] -- Installing: /home/kevin/LightChaser-Training-34/ros_ws/install/message_interface/lib/python3.12/site-packages/message_interface-0.0.0-py3.12.egg-info/PKG-INFO
[0.287s] -- Installing: /home/kevin/LightChaser-Training-34/ros_ws/install/message_interface/lib/python3.12/site-packages/message_interface-0.0.0-py3.12.egg-info/dependency_links.txt
[0.287s] -- Up-to-date: /home/kevin/LightChaser-Training-34/ros_ws/install/message_interface/lib/python3.12/site-packages/message_interface
[0.287s] -- Up-to-date: /home/kevin/LightChaser-Training-34/ros_ws/install/message_interface/lib/python3.12/site-packages/message_interface/_message_interface_s.ep.rosidl_typesupport_c.c
[0.287s] -- Up-to-date: /home/kevin/LightChaser-Training-34/ros_ws/install/message_interface/lib/python3.12/site-packages/message_interface/_message_interface_s.ep.rosidl_typesupport_introspection_c.c
[0.287s] -- Up-to-date: /home/kevin/LightChaser-Training-34/ros_ws/install/message_interface/lib/python3.12/site-packages/message_interface/_message_interface_s.ep.rosidl_typesupport_fastrtps_c.c
[0.287s] -- Up-to-date: /home/kevin/LightChaser-Training-34/ros_ws/install/message_interface/lib/python3.12/site-packages/message_interface/message_interface_s__rosidl_typesupport_introspection_c.so
[0.287s] -- Up-to-date: /home/kevin/LightChaser-Training-34/ros_ws/install/message_interface/lib/python3.12/site-packages/message_interface/message_interface_s__rosidl_typesupport_fastrtps_c.so
[0.287s] -- Up-to-date: /home/kevin/LightChaser-Training-34/ros_ws/install/message_interface/lib/python3.12/site-packages/message_interface/__init__.py
[0.287s] -- Up-to-date: /home/kevin/LightChaser-Training-34/ros_ws/install/message_interface/lib/python3.12/site-packages/message_interface/msg
[0.287s] -- Up-to-date: /home/kevin/LightChaser-Training-34/ros_ws/install/message_interface/lib/python3.12/site-packages/message_interface/msg/__init__.py
[0.287s] -- Up-to-date: /home/kevin/LightChaser-Training-34/ros_ws/install/message_interface/lib/python3.12/site-packages/message_interface/msg/_node_message_s.c
[0.287s] -- Up-to-date: /home/kevin/LightChaser-Training-34/ros_ws/install/message_interface/lib/python3.12/site-packages/message_interface/msg/_node_message.py
[0.287s] -- Up-to-date: /home/kevin/LightChaser-Training-34/ros_ws/install/message_interface/lib/python3.12/site-packages/message_interface/message_interface_s__rosidl_typesupport_c.so
[0.312s] Listing '/home/kevin/LightChaser-Training-34/ros_ws/install/message_interface/lib/python3.12/site-packages/message_interface'...
[0.312s] Listing '/home/kevin/LightChaser-Training-34/ros_ws/install/message_interface/lib/python3.12/site-packages/message_interface/msg'...
[0.316s] -- Up-to-date: /home/kevin/LightChaser-Training-34/ros_ws/install/message_interface/lib/python3.12/site-packages/message_interface/message_interface_s__rosidl_typesupport_fastrtps_c.so
[0.316s] -- Up-to-date: /home/kevin/LightChaser-Training-34/ros_ws/install/message_interface/lib/python3.12/site-packages/message_interface/message_interface_s__rosidl_typesupport_introspection_c.so
[0.316s] -- Up-to-date: /home/kevin/LightChaser-Training-34/ros_ws/install/message_interface/lib/python3.12/site-packages/message_interface/message_interface_s__rosidl_typesupport_c.so
[0.316s] -- Up-to-date: /home/kevin/LightChaser-Training-34/ros_ws/install/message_interface/lib/libmessage_interface__rosidl_generator_py.so
[0.316s] -- Up-to-date: /home/kevin/LightChaser-Training-34/ros_ws/install/message_interface/share/ament_index/resource_index/rust_packages/message_interface
[0.316s] -- Up-to-date: /home/kevin/LightChaser-Training-34/ros_ws/install/message_interface/share/message_interface/rust
[0.316s] -- Up-to-date: /home/kevin/LightChaser-Training-34/ros_ws/install/message_interface/share/message_interface/rust/Cargo.toml
[0.316s] -- Up-to-date: /home/kevin/LightChaser-Training-34/ros_ws/install/message_interface/share/message_interface/rust/src
[0.316s] -- Up-to-date: /home/kevin/LightChaser-Training-34/ros_ws/install/message_interface/share/message_interface/rust/src/msg.rs
[0.316s] -- Up-to-date: /home/kevin/LightChaser-Training-34/ros_ws/install/message_interface/share/message_interface/rust/src/lib.rs
[0.316s] -- Up-to-date: /home/kevin/LightChaser-Training-34/ros_ws/install/message_interface/share/message_interface/rust/src/msg
[0.316s] -- Up-to-date: /home/kevin/LightChaser-Training-34/ros_ws/install/message_interface/share/message_interface/rust/src/msg/rmw.rs
[0.316s] -- Up-to-date: /home/kevin/LightChaser-Training-34/ros_ws/install/message_interface/share/message_interface/rust/build.rs
[0.316s] -- Up-to-date: /home/kevin/LightChaser-Training-34/ros_ws/install/message_interface/share/message_interface/msg/NodeMessage.idl
[0.316s] -- Up-to-date: /home/kevin/LightChaser-Training-34/ros_ws/install/message_interface/share/message_interface/msg/NodeMessage.msg
[0.317s] -- Up-to-date: /home/kevin/LightChaser-Training-34/ros_ws/install/message_interface/share/ament_index/resource_index/package_run_dependencies/message_interface
[0.317s] -- Up-to-date: /home/kevin/LightChaser-Training-34/ros_ws/install/message_interface/share/ament_index/resource_index/parent_prefix_path/message_interface
[0.317s] -- Up-to-date: /home/kevin/LightChaser-Training-34/ros_ws/install/message_interface/share/message_interface/environment/ament_prefix_path.sh
[0.317s] -- Up-to-date: /home/kevin/LightChaser-Training-34/ros_ws/install/message_interface/share/message_interface/environment/ament_prefix_path.dsv
[0.317s] -- Up-to-date: /home/kevin/LightChaser-Training-34/ros_ws/install/message_interface/share/message_interface/environment/path.sh
[0.317s] -- Up-to-date: /home/kevin/LightChaser-Training-34/ros_ws/install/message_interface/share/message_interface/environment/path.dsv
[0.317s] -- Up-to-date: /home/kevin/LightChaser-Training-34/ros_ws/install/message_interface/share/message_interface/local_setup.bash
[0.317s] -- Up-to-date: /home/kevin/LightChaser-Training-34/ros_ws/install/message_interface/share/message_interface/local_setup.sh
[0.317s] -- Up-to-date: /home/kevin/LightChaser-Training-34/ros_ws/install/message_interface/share/message_interface/local_setup.zsh
[0.317s] -- Up-to-date: /home/kevin/LightChaser-Training-34/ros_ws/install/message_interface/share/message_interface/local_setup.dsv
[0.317s] -- Installing: /home/kevin/LightChaser-Training-34/ros_ws/install/message_interface/share/message_interface/package.dsv
[0.317s] -- Up-to-date: /home/kevin/LightChaser-Training-34/ros_ws/install/message_interface/share/ament_index/resource_index/packages/message_interface
[0.317s] -- Up-to-date: /home/kevin/LightChaser-Training-34/ros_ws/install/message_interface/share/message_interface/cmake/export_message_interface__rosidl_generator_cExport.cmake
[0.317s] -- Up-to-date: /home/kevin/LightChaser-Training-34/ros_ws/install/message_interface/share/message_interface/cmake/export_message_interface__rosidl_generator_cExport-noconfig.cmake
[0.317s] -- Up-to-date: /home/kevin/LightChaser-Training-34/ros_ws/install/message_interface/share/message_interface/cmake/export_message_interface__rosidl_typesupport_fastrtps_cExport.cmake
[0.317s] -- Up-to-date: /home/kevin/LightChaser-Training-34/ros_ws/install/message_interface/share/message_interface/cmake/export_message_interface__rosidl_typesupport_fastrtps_cExport-noconfig.cmake
[0.317s] -- Up-to-date: /home/kevin/LightChaser-Training-34/ros_ws/install/message_interface/share/message_interface/cmake/message_interface__rosidl_typesupport_introspection_cExport.cmake
[0.317s] -- Up-to-date: /home/kevin/LightChaser-Training-34/ros_ws/install/message_interface/share/message_interface/cmake/message_interface__rosidl_typesupport_introspection_cExport-noconfig.cmake
[0.317s] -- Up-to-date: /home/kevin/LightChaser-Training-34/ros_ws/install/message_interface/share/message_interface/cmake/message_interface__rosidl_typesupport_cExport.cmake
[0.317s] -- Up-to-date: /home/kevin/LightChaser-Training-34/ros_ws/install/message_interface/share/message_interface/cmake/message_interface__rosidl_typesupport_cExport-noconfig.cmake
[0.317s] -- Up-to-date: /home/kevin/LightChaser-Training-34/ros_ws/install/message_interface/share/message_interface/cmake/export_message_interface__rosidl_generator_cppExport.cmake
[0.317s] -- Up-to-date: /home/kevin/LightChaser-Training-34/ros_ws/install/message_interface/share/message_interface/cmake/export_message_interface__rosidl_typesupport_fastrtps_cppExport.cmake
[0.317s] -- Up-to-date: /home/kevin/LightChaser-Training-34/ros_ws/install/message_interface/share/message_interface/cmake/export_message_interface__rosidl_typesupport_fastrtps_cppExport-noconfig.cmake
[0.318s] -- Up-to-date: /home/kevin/LightChaser-Training-34/ros_ws/install/message_interface/share/message_interface/cmake/message_interface__rosidl_typesupport_introspection_cppExport.cmake
[0.318s] -- Up-to-date: /home/kevin/LightChaser-Training-34/ros_ws/install/message_interface/share/message_interface/cmake/message_interface__rosidl_typesupport_introspection_cppExport-noconfig.cmake
[0.318s] -- Up-to-date: /home/kevin/LightChaser-Training-34/ros_ws/install/message_interface/share/message_interface/cmake/message_interface__rosidl_typesupport_cppExport.cmake
[0.318s] -- Up-to-date: /home/kevin/LightChaser-Training-34/ros_ws/install/message_interface/share/message_interface/cmake/message_interface__rosidl_typesupport_cppExport-noconfig.cmake
[0.318s] -- Up-to-date: /home/kevin/LightChaser-Training-34/ros_ws/install/message_interface/share/message_interface/cmake/export_message_interface__rosidl_generator_pyExport.cmake
[0.318s] -- Up-to-date: /home/kevin/LightChaser-Training-34/ros_ws/install/message_interface/share/message_interface/cmake/export_message_interface__rosidl_generator_pyExport-noconfig.cmake
[0.318s] -- Up-to-date: /home/kevin/LightChaser-Training-34/ros_ws/install/message_interface/share/message_interface/cmake/rosidl_cmake-extras.cmake
[0.318s] -- Up-to-date: /home/kevin/LightChaser-Training-34/ros_ws/install/message_interface/share/message_interface/cmake/ament_cmake_export_include_directories-extras.cmake
[0.318s] -- Up-to-date: /home/kevin/LightChaser-Training-34/ros_ws/install/message_interface/share/message_interface/cmake/ament_cmake_export_libraries-extras.cmake
[0.318s] -- Up-to-date: /home/kevin/LightChaser-Training-34/ros_ws/install/message_interface/share/message_interface/cmake/ament_cmake_export_targets-extras.cmake
[0.318s] -- Up-to-date: /home/kevin/LightChaser-Training-34/ros_ws/install/message_interface/share/message_interface/cmake/rosidl_cmake_export_typesupport_targets-extras.cmake
[0.318s] -- Up-to-date: /home/kevin/LightChaser-Training-34/ros_ws/install/message_interface/share/message_interface/cmake/ament_cmake_export_dependencies-extras.cmake
[0.318s] -- Up-to-date: /home/kevin/LightChaser-Training-34/ros_ws/install/message_interface/share/message_interface/cmake/rosidl_cmake_export_typesupport_libraries-extras.cmake
[0.318s] -- Up-to-date: /home/kevin/LightChaser-Training-34/ros_ws/install/message_interface/share/message_interface/cmake/rosidl_cmake_aggregate_target-extras.cmake
[0.318s] -- Up-to-date: /home/kevin/LightChaser-Training-34/ros_ws/install/message_interface/share/message_interface/cmake/message_interfaceConfig.cmake
[0.318s] -- Up-to-date: /home/kevin/LightChaser-Training-34/ros_ws/install/message_interface/share/message_interface/cmake/message_interfaceConfig-version.cmake
[0.318s] -- Up-to-date: /home/kevin/LightChaser-Training-34/ros_ws/install/message_interface/share/message_interface/package.xml
[0.319s] Invoked command in '/home/kevin/LightChaser-Training-34/ros_ws/build/message_interface' returned '0': CMAKE_PREFIX_PATH=${CMAKE_PREFIX_PATH}:/home/kevin/LightChaser-Training-34/ros_ws/src/node/install/node:/home/kevin/LightChaser-Training-34/ros_ws/install/node:/opt/ros/jazzy DEBUGINFOD_URLS=https://debuginfod.ubuntu.com /usr/bin/cmake --install /home/kevin/LightChaser-Training-34/ros_ws/build/message_interface
