[0.065s] DEBUG:colcon:Command line arguments: ['/usr/bin/colcon', 'build']
[0.065s] DEBUG:colcon:Parsed command line arguments: Namespace(log_base=None, log_level=None, verb_name='build', build_base='build', install_base='install', merge_install=False, symlink_install=False, test_result_base=None, continue_on_error=False, executor='parallel', parallel_workers=32, event_handlers=None, ignore_user_meta=False, metas=['./colcon.meta'], base_paths=['.'], packages_ignore=None, packages_ignore_regex=None, paths=None, packages_up_to=None, packages_up_to_regex=None, packages_above=None, packages_above_and_dependencies=None, packages_above_depth=None, packages_select_by_dep=None, packages_skip_by_dep=None, packages_skip_up_to=None, packages_select_build_failed=False, packages_skip_build_finished=False, packages_select_test_failures=False, packages_skip_test_passed=False, packages_select=None, packages_skip=None, packages_select_regex=None, packages_skip_regex=None, packages_start=None, packages_end=None, allow_overriding=[], cmake_args=None, cmake_target=None, cmake_target_skip_unavailable=False, cmake_clean_cache=False, cmake_clean_first=False, cmake_force_configure=False, ament_cmake_args=None, catkin_cmake_args=None, catkin_skip_building_tests=False, verb_parser=<colcon_defaults.argument_parser.defaults.DefaultArgumentsDecorator object at 0x795198d7f320>, verb_extension=<colcon_core.verb.build.BuildVerb object at 0x795198d7f200>, main=<bound method BuildVerb.main of <colcon_core.verb.build.BuildVerb object at 0x795198d7f200>>)
[0.090s] Level 1:colcon.colcon_core.package_discovery:discover_packages(colcon_meta) check parameters
[0.090s] Level 1:colcon.colcon_core.package_discovery:discover_packages(recursive) check parameters
[0.091s] Level 1:colcon.colcon_core.package_discovery:discover_packages(ignore) check parameters
[0.091s] Level 1:colcon.colcon_core.package_discovery:discover_packages(path) check parameters
[0.091s] Level 1:colcon.colcon_core.package_discovery:discover_packages(colcon_meta) discover
[0.091s] Level 1:colcon.colcon_core.package_discovery:discover_packages(recursive) discover
[0.091s] INFO:colcon.colcon_core.package_discovery:Crawling recursively for packages in '/home/kevin/LightChaser-Training-34/ros_ws'
[0.091s] Level 1:colcon.colcon_core.package_identification:_identify(.) by extensions ['ignore', 'ignore_ament_install']
[0.091s] Level 1:colcon.colcon_core.package_identification:_identify(.) by extension 'ignore'
[0.091s] Level 1:colcon.colcon_core.package_identification:_identify(.) by extension 'ignore_ament_install'
[0.091s] Level 1:colcon.colcon_core.package_identification:_identify(.) by extensions ['colcon_pkg']
[0.091s] Level 1:colcon.colcon_core.package_identification:_identify(.) by extension 'colcon_pkg'
[0.091s] Level 1:colcon.colcon_core.package_identification:_identify(.) by extensions ['colcon_meta']
[0.091s] Level 1:colcon.colcon_core.package_identification:_identify(.) by extension 'colcon_meta'
[0.091s] Level 1:colcon.colcon_core.package_identification:_identify(.) by extensions ['ros']
[0.091s] Level 1:colcon.colcon_core.package_identification:_identify(.) by extension 'ros'
[0.108s] Level 1:colcon.colcon_core.package_identification:_identify(.) by extensions ['cmake', 'python']
[0.108s] Level 1:colcon.colcon_core.package_identification:_identify(.) by extension 'cmake'
[0.108s] Level 1:colcon.colcon_core.package_identification:_identify(.) by extension 'python'
[0.108s] Level 1:colcon.colcon_core.package_identification:_identify(.) by extensions ['python_setup_py']
[0.108s] Level 1:colcon.colcon_core.package_identification:_identify(.) by extension 'python_setup_py'
[0.109s] Level 1:colcon.colcon_core.package_identification:_identify(build) by extensions ['ignore', 'ignore_ament_install']
[0.109s] Level 1:colcon.colcon_core.package_identification:_identify(build) by extension 'ignore'
[0.109s] Level 1:colcon.colcon_core.package_identification:_identify(build) ignored
[0.109s] Level 1:colcon.colcon_core.package_identification:_identify(install) by extensions ['ignore', 'ignore_ament_install']
[0.109s] Level 1:colcon.colcon_core.package_identification:_identify(install) by extension 'ignore'
[0.109s] Level 1:colcon.colcon_core.package_identification:_identify(install) ignored
[0.109s] Level 1:colcon.colcon_core.package_identification:_identify(log) by extensions ['ignore', 'ignore_ament_install']
[0.109s] Level 1:colcon.colcon_core.package_identification:_identify(log) by extension 'ignore'
[0.109s] Level 1:colcon.colcon_core.package_identification:_identify(log) ignored
[0.109s] Level 1:colcon.colcon_core.package_identification:_identify(src) by extensions ['ignore', 'ignore_ament_install']
[0.109s] Level 1:colcon.colcon_core.package_identification:_identify(src) by extension 'ignore'
[0.109s] Level 1:colcon.colcon_core.package_identification:_identify(src) by extension 'ignore_ament_install'
[0.109s] Level 1:colcon.colcon_core.package_identification:_identify(src) by extensions ['colcon_pkg']
[0.109s] Level 1:colcon.colcon_core.package_identification:_identify(src) by extension 'colcon_pkg'
[0.109s] Level 1:colcon.colcon_core.package_identification:_identify(src) by extensions ['colcon_meta']
[0.109s] Level 1:colcon.colcon_core.package_identification:_identify(src) by extension 'colcon_meta'
[0.109s] Level 1:colcon.colcon_core.package_identification:_identify(src) by extensions ['ros']
[0.109s] Level 1:colcon.colcon_core.package_identification:_identify(src) by extension 'ros'
[0.109s] Level 1:colcon.colcon_core.package_identification:_identify(src) by extensions ['cmake', 'python']
[0.109s] Level 1:colcon.colcon_core.package_identification:_identify(src) by extension 'cmake'
[0.109s] Level 1:colcon.colcon_core.package_identification:_identify(src) by extension 'python'
[0.109s] Level 1:colcon.colcon_core.package_identification:_identify(src) by extensions ['python_setup_py']
[0.109s] Level 1:colcon.colcon_core.package_identification:_identify(src) by extension 'python_setup_py'
[0.109s] Level 1:colcon.colcon_core.package_identification:_identify(src/message_interface) by extensions ['ignore', 'ignore_ament_install']
[0.109s] Level 1:colcon.colcon_core.package_identification:_identify(src/message_interface) by extension 'ignore'
[0.109s] Level 1:colcon.colcon_core.package_identification:_identify(src/message_interface) by extension 'ignore_ament_install'
[0.109s] Level 1:colcon.colcon_core.package_identification:_identify(src/message_interface) by extensions ['colcon_pkg']
[0.109s] Level 1:colcon.colcon_core.package_identification:_identify(src/message_interface) by extension 'colcon_pkg'
[0.109s] Level 1:colcon.colcon_core.package_identification:_identify(src/message_interface) by extensions ['colcon_meta']
[0.109s] Level 1:colcon.colcon_core.package_identification:_identify(src/message_interface) by extension 'colcon_meta'
[0.109s] Level 1:colcon.colcon_core.package_identification:_identify(src/message_interface) by extensions ['ros']
[0.110s] Level 1:colcon.colcon_core.package_identification:_identify(src/message_interface) by extension 'ros'
[0.112s] DEBUG:colcon.colcon_core.package_identification:Package 'src/message_interface' with type 'ros.ament_cmake' and name 'message_interface'
[0.112s] Level 1:colcon.colcon_core.package_identification:_identify(src/node) by extensions ['ignore', 'ignore_ament_install']
[0.112s] Level 1:colcon.colcon_core.package_identification:_identify(src/node) by extension 'ignore'
[0.112s] Level 1:colcon.colcon_core.package_identification:_identify(src/node) by extension 'ignore_ament_install'
[0.112s] Level 1:colcon.colcon_core.package_identification:_identify(src/node) by extensions ['colcon_pkg']
[0.112s] Level 1:colcon.colcon_core.package_identification:_identify(src/node) by extension 'colcon_pkg'
[0.112s] Level 1:colcon.colcon_core.package_identification:_identify(src/node) by extensions ['colcon_meta']
[0.112s] Level 1:colcon.colcon_core.package_identification:_identify(src/node) by extension 'colcon_meta'
[0.112s] Level 1:colcon.colcon_core.package_identification:_identify(src/node) by extensions ['ros']
[0.112s] Level 1:colcon.colcon_core.package_identification:_identify(src/node) by extension 'ros'
[0.112s] DEBUG:colcon.colcon_core.package_identification:Package 'src/node' with type 'ros.ament_python' and name 'node'
[0.112s] Level 1:colcon.colcon_core.package_discovery:discover_packages(recursive) using defaults
[0.112s] Level 1:colcon.colcon_core.package_discovery:discover_packages(ignore) discover
[0.112s] Level 1:colcon.colcon_core.package_discovery:discover_packages(ignore) using defaults
[0.112s] Level 1:colcon.colcon_core.package_discovery:discover_packages(path) discover
[0.112s] Level 1:colcon.colcon_core.package_discovery:discover_packages(path) using defaults
[0.125s] Level 1:colcon.colcon_core.package_discovery:discover_packages(prefix_path) check parameters
[0.125s] Level 1:colcon.colcon_core.package_discovery:discover_packages(prefix_path) discover
[0.125s] WARNING:colcon.colcon_core.prefix_path.colcon:The path '/home/kevin/LightChaser-Training-34/ros_ws/src/node/install' in the environment variable COLCON_PREFIX_PATH doesn't exist
[0.125s] WARNING:colcon.colcon_ros.prefix_path.ament:The path '/home/kevin/LightChaser-Training-34/ros_ws/src/node/install/node' in the environment variable AMENT_PREFIX_PATH doesn't exist
[0.126s] DEBUG:colcon.colcon_installed_package_information.package_discovery:Found 2 installed packages in /home/kevin/LightChaser-Training-34/ros_ws/install
[0.127s] DEBUG:colcon.colcon_installed_package_information.package_discovery:Found 290 installed packages in /opt/ros/jazzy
[0.127s] Level 1:colcon.colcon_core.package_discovery:discover_packages(prefix_path) using defaults
[0.152s] Level 5:colcon.colcon_core.verb:set package 'message_interface' build argument 'cmake_args' from command line to 'None'
[0.152s] Level 5:colcon.colcon_core.verb:set package 'message_interface' build argument 'cmake_target' from command line to 'None'
[0.152s] Level 5:colcon.colcon_core.verb:set package 'message_interface' build argument 'cmake_target_skip_unavailable' from command line to 'False'
[0.152s] Level 5:colcon.colcon_core.verb:set package 'message_interface' build argument 'cmake_clean_cache' from command line to 'False'
[0.152s] Level 5:colcon.colcon_core.verb:set package 'message_interface' build argument 'cmake_clean_first' from command line to 'False'
[0.152s] Level 5:colcon.colcon_core.verb:set package 'message_interface' build argument 'cmake_force_configure' from command line to 'False'
[0.152s] Level 5:colcon.colcon_core.verb:set package 'message_interface' build argument 'ament_cmake_args' from command line to 'None'
[0.152s] Level 5:colcon.colcon_core.verb:set package 'message_interface' build argument 'catkin_cmake_args' from command line to 'None'
[0.152s] Level 5:colcon.colcon_core.verb:set package 'message_interface' build argument 'catkin_skip_building_tests' from command line to 'False'
[0.152s] DEBUG:colcon.colcon_core.verb:Building package 'message_interface' with the following arguments: {'ament_cmake_args': None, 'build_base': '/home/kevin/LightChaser-Training-34/ros_ws/build/message_interface', 'catkin_cmake_args': None, 'catkin_skip_building_tests': False, 'cmake_args': None, 'cmake_clean_cache': False, 'cmake_clean_first': False, 'cmake_force_configure': False, 'cmake_target': None, 'cmake_target_skip_unavailable': False, 'install_base': '/home/kevin/LightChaser-Training-34/ros_ws/install/message_interface', 'merge_install': False, 'path': '/home/kevin/LightChaser-Training-34/ros_ws/src/message_interface', 'symlink_install': False, 'test_result_base': None}
[0.152s] Level 5:colcon.colcon_core.verb:set package 'node' build argument 'cmake_args' from command line to 'None'
[0.152s] Level 5:colcon.colcon_core.verb:set package 'node' build argument 'cmake_target' from command line to 'None'
[0.152s] Level 5:colcon.colcon_core.verb:set package 'node' build argument 'cmake_target_skip_unavailable' from command line to 'False'
[0.152s] Level 5:colcon.colcon_core.verb:set package 'node' build argument 'cmake_clean_cache' from command line to 'False'
[0.153s] Level 5:colcon.colcon_core.verb:set package 'node' build argument 'cmake_clean_first' from command line to 'False'
[0.153s] Level 5:colcon.colcon_core.verb:set package 'node' build argument 'cmake_force_configure' from command line to 'False'
[0.153s] Level 5:colcon.colcon_core.verb:set package 'node' build argument 'ament_cmake_args' from command line to 'None'
[0.153s] Level 5:colcon.colcon_core.verb:set package 'node' build argument 'catkin_cmake_args' from command line to 'None'
[0.153s] Level 5:colcon.colcon_core.verb:set package 'node' build argument 'catkin_skip_building_tests' from command line to 'False'
[0.153s] DEBUG:colcon.colcon_core.verb:Building package 'node' with the following arguments: {'ament_cmake_args': None, 'build_base': '/home/kevin/LightChaser-Training-34/ros_ws/build/node', 'catkin_cmake_args': None, 'catkin_skip_building_tests': False, 'cmake_args': None, 'cmake_clean_cache': False, 'cmake_clean_first': False, 'cmake_force_configure': False, 'cmake_target': None, 'cmake_target_skip_unavailable': False, 'install_base': '/home/kevin/LightChaser-Training-34/ros_ws/install/node', 'merge_install': False, 'path': '/home/kevin/LightChaser-Training-34/ros_ws/src/node', 'symlink_install': False, 'test_result_base': None}
[0.153s] INFO:colcon.colcon_core.executor:Executing jobs using 'parallel' executor
[0.154s] DEBUG:colcon.colcon_parallel_executor.executor.parallel:run_until_complete
[0.154s] INFO:colcon.colcon_ros.task.ament_cmake.build:Building ROS package in '/home/kevin/LightChaser-Training-34/ros_ws/src/message_interface' with build type 'ament_cmake'
[0.154s] INFO:colcon.colcon_cmake.task.cmake.build:Building CMake package in '/home/kevin/LightChaser-Training-34/ros_ws/src/message_interface'
[0.155s] INFO:colcon.colcon_core.plugin_system:Skipping extension 'colcon_core.shell.bat': Not used on non-Windows systems
[0.155s] INFO:colcon.colcon_core.shell:Skip shell extension 'powershell' for command environment: Not usable outside of PowerShell
[0.155s] DEBUG:colcon.colcon_core.shell:Skip shell extension 'dsv' for command environment
[0.162s] DEBUG:colcon.colcon_core.event_handler.log_command:Invoking command in '/home/kevin/LightChaser-Training-34/ros_ws/build/message_interface': CMAKE_PREFIX_PATH=${CMAKE_PREFIX_PATH}:/home/kevin/LightChaser-Training-34/ros_ws/src/node/install/node:/home/kevin/LightChaser-Training-34/ros_ws/install/node:/opt/ros/jazzy DEBUGINFOD_URLS=https://debuginfod.ubuntu.com /usr/bin/cmake --build /home/kevin/LightChaser-Training-34/ros_ws/build/message_interface -- -j32 -l32
[0.435s] DEBUG:colcon.colcon_core.event_handler.log_command:Invoked command in '/home/kevin/LightChaser-Training-34/ros_ws/build/message_interface' returned '0': CMAKE_PREFIX_PATH=${CMAKE_PREFIX_PATH}:/home/kevin/LightChaser-Training-34/ros_ws/src/node/install/node:/home/kevin/LightChaser-Training-34/ros_ws/install/node:/opt/ros/jazzy DEBUGINFOD_URLS=https://debuginfod.ubuntu.com /usr/bin/cmake --build /home/kevin/LightChaser-Training-34/ros_ws/build/message_interface -- -j32 -l32
[0.443s] DEBUG:colcon.colcon_core.event_handler.log_command:Invoking command in '/home/kevin/LightChaser-Training-34/ros_ws/build/message_interface': CMAKE_PREFIX_PATH=${CMAKE_PREFIX_PATH}:/home/kevin/LightChaser-Training-34/ros_ws/src/node/install/node:/home/kevin/LightChaser-Training-34/ros_ws/install/node:/opt/ros/jazzy DEBUGINFOD_URLS=https://debuginfod.ubuntu.com /usr/bin/cmake --install /home/kevin/LightChaser-Training-34/ros_ws/build/message_interface
[0.494s] Level 1:colcon.colcon_core.environment:create_environment_scripts_only(message_interface)
[0.494s] DEBUG:colcon.colcon_core.event_handler.log_command:Invoked command in '/home/kevin/LightChaser-Training-34/ros_ws/build/message_interface' returned '0': CMAKE_PREFIX_PATH=${CMAKE_PREFIX_PATH}:/home/kevin/LightChaser-Training-34/ros_ws/src/node/install/node:/home/kevin/LightChaser-Training-34/ros_ws/install/node:/opt/ros/jazzy DEBUGINFOD_URLS=https://debuginfod.ubuntu.com /usr/bin/cmake --install /home/kevin/LightChaser-Training-34/ros_ws/build/message_interface
[0.495s] Level 1:colcon.colcon_core.environment:checking '/home/kevin/LightChaser-Training-34/ros_ws/install/message_interface' for CMake module files
[0.496s] Level 1:colcon.colcon_core.environment:checking '/home/kevin/LightChaser-Training-34/ros_ws/install/message_interface' for CMake config files
[0.496s] Level 1:colcon.colcon_core.shell:create_environment_hook('message_interface', 'cmake_prefix_path')
[0.496s] INFO:colcon.colcon_core.shell:Creating environment hook '/home/kevin/LightChaser-Training-34/ros_ws/install/message_interface/share/message_interface/hook/cmake_prefix_path.ps1'
[0.497s] INFO:colcon.colcon_core.shell:Creating environment descriptor '/home/kevin/LightChaser-Training-34/ros_ws/install/message_interface/share/message_interface/hook/cmake_prefix_path.dsv'
[0.497s] INFO:colcon.colcon_core.shell:Creating environment hook '/home/kevin/LightChaser-Training-34/ros_ws/install/message_interface/share/message_interface/hook/cmake_prefix_path.sh'
[0.497s] Level 1:colcon.colcon_core.environment:checking '/home/kevin/LightChaser-Training-34/ros_ws/install/message_interface/lib'
[0.497s] Level 1:colcon.colcon_core.shell:create_environment_hook('message_interface', 'ld_library_path_lib')
[0.497s] INFO:colcon.colcon_core.shell:Creating environment hook '/home/kevin/LightChaser-Training-34/ros_ws/install/message_interface/share/message_interface/hook/ld_library_path_lib.ps1'
[0.498s] INFO:colcon.colcon_core.shell:Creating environment descriptor '/home/kevin/LightChaser-Training-34/ros_ws/install/message_interface/share/message_interface/hook/ld_library_path_lib.dsv'
[0.498s] INFO:colcon.colcon_core.shell:Creating environment hook '/home/kevin/LightChaser-Training-34/ros_ws/install/message_interface/share/message_interface/hook/ld_library_path_lib.sh'
[0.498s] Level 1:colcon.colcon_core.environment:checking '/home/kevin/LightChaser-Training-34/ros_ws/install/message_interface/bin'
[0.498s] Level 1:colcon.colcon_core.environment:checking '/home/kevin/LightChaser-Training-34/ros_ws/install/message_interface/lib/pkgconfig/message_interface.pc'
[0.498s] Level 1:colcon.colcon_core.environment:checking '/home/kevin/LightChaser-Training-34/ros_ws/install/message_interface/lib/python3.12/site-packages'
[0.498s] Level 1:colcon.colcon_core.shell:create_environment_hook('message_interface', 'pythonpath')
[0.498s] INFO:colcon.colcon_core.shell:Creating environment hook '/home/kevin/LightChaser-Training-34/ros_ws/install/message_interface/share/message_interface/hook/pythonpath.ps1'
[0.499s] INFO:colcon.colcon_core.shell:Creating environment descriptor '/home/kevin/LightChaser-Training-34/ros_ws/install/message_interface/share/message_interface/hook/pythonpath.dsv'
[0.499s] INFO:colcon.colcon_core.shell:Creating environment hook '/home/kevin/LightChaser-Training-34/ros_ws/install/message_interface/share/message_interface/hook/pythonpath.sh'
[0.499s] Level 1:colcon.colcon_core.environment:checking '/home/kevin/LightChaser-Training-34/ros_ws/install/message_interface/bin'
[0.499s] INFO:colcon.colcon_core.shell:Creating package script '/home/kevin/LightChaser-Training-34/ros_ws/install/message_interface/share/message_interface/package.ps1'
[0.500s] INFO:colcon.colcon_core.shell:Creating package descriptor '/home/kevin/LightChaser-Training-34/ros_ws/install/message_interface/share/message_interface/package.dsv'
[0.500s] INFO:colcon.colcon_core.shell:Creating package script '/home/kevin/LightChaser-Training-34/ros_ws/install/message_interface/share/message_interface/package.sh'
[0.501s] INFO:colcon.colcon_core.shell:Creating package script '/home/kevin/LightChaser-Training-34/ros_ws/install/message_interface/share/message_interface/package.bash'
[0.501s] INFO:colcon.colcon_core.shell:Creating package script '/home/kevin/LightChaser-Training-34/ros_ws/install/message_interface/share/message_interface/package.zsh'
[0.501s] Level 1:colcon.colcon_core.environment:create_file_with_runtime_dependencies(/home/kevin/LightChaser-Training-34/ros_ws/install/message_interface/share/colcon-core/packages/message_interface)
[0.502s] Level 1:colcon.colcon_core.environment:create_environment_scripts_only(message_interface)
[0.502s] Level 1:colcon.colcon_core.environment:checking '/home/kevin/LightChaser-Training-34/ros_ws/install/message_interface' for CMake module files
[0.502s] Level 1:colcon.colcon_core.environment:checking '/home/kevin/LightChaser-Training-34/ros_ws/install/message_interface' for CMake config files
[0.502s] Level 1:colcon.colcon_core.shell:create_environment_hook('message_interface', 'cmake_prefix_path')
[0.503s] INFO:colcon.colcon_core.shell:Creating environment hook '/home/kevin/LightChaser-Training-34/ros_ws/install/message_interface/share/message_interface/hook/cmake_prefix_path.ps1'
[0.503s] INFO:colcon.colcon_core.shell:Creating environment descriptor '/home/kevin/LightChaser-Training-34/ros_ws/install/message_interface/share/message_interface/hook/cmake_prefix_path.dsv'
[0.503s] INFO:colcon.colcon_core.shell:Creating environment hook '/home/kevin/LightChaser-Training-34/ros_ws/install/message_interface/share/message_interface/hook/cmake_prefix_path.sh'
[0.503s] Level 1:colcon.colcon_core.environment:checking '/home/kevin/LightChaser-Training-34/ros_ws/install/message_interface/lib'
[0.503s] Level 1:colcon.colcon_core.shell:create_environment_hook('message_interface', 'ld_library_path_lib')
[0.503s] INFO:colcon.colcon_core.shell:Creating environment hook '/home/kevin/LightChaser-Training-34/ros_ws/install/message_interface/share/message_interface/hook/ld_library_path_lib.ps1'
[0.504s] INFO:colcon.colcon_core.shell:Creating environment descriptor '/home/kevin/LightChaser-Training-34/ros_ws/install/message_interface/share/message_interface/hook/ld_library_path_lib.dsv'
[0.504s] INFO:colcon.colcon_core.shell:Creating environment hook '/home/kevin/LightChaser-Training-34/ros_ws/install/message_interface/share/message_interface/hook/ld_library_path_lib.sh'
[0.504s] Level 1:colcon.colcon_core.environment:checking '/home/kevin/LightChaser-Training-34/ros_ws/install/message_interface/bin'
[0.504s] Level 1:colcon.colcon_core.environment:checking '/home/kevin/LightChaser-Training-34/ros_ws/install/message_interface/lib/pkgconfig/message_interface.pc'
[0.504s] Level 1:colcon.colcon_core.environment:checking '/home/kevin/LightChaser-Training-34/ros_ws/install/message_interface/lib/python3.12/site-packages'
[0.504s] Level 1:colcon.colcon_core.shell:create_environment_hook('message_interface', 'pythonpath')
[0.504s] INFO:colcon.colcon_core.shell:Creating environment hook '/home/kevin/LightChaser-Training-34/ros_ws/install/message_interface/share/message_interface/hook/pythonpath.ps1'
[0.504s] INFO:colcon.colcon_core.shell:Creating environment descriptor '/home/kevin/LightChaser-Training-34/ros_ws/install/message_interface/share/message_interface/hook/pythonpath.dsv'
[0.505s] INFO:colcon.colcon_core.shell:Creating environment hook '/home/kevin/LightChaser-Training-34/ros_ws/install/message_interface/share/message_interface/hook/pythonpath.sh'
[0.505s] Level 1:colcon.colcon_core.environment:checking '/home/kevin/LightChaser-Training-34/ros_ws/install/message_interface/bin'
[0.505s] INFO:colcon.colcon_core.shell:Creating package script '/home/kevin/LightChaser-Training-34/ros_ws/install/message_interface/share/message_interface/package.ps1'
[0.506s] INFO:colcon.colcon_core.shell:Creating package descriptor '/home/kevin/LightChaser-Training-34/ros_ws/install/message_interface/share/message_interface/package.dsv'
[0.506s] INFO:colcon.colcon_core.shell:Creating package script '/home/kevin/LightChaser-Training-34/ros_ws/install/message_interface/share/message_interface/package.sh'
[0.506s] INFO:colcon.colcon_core.shell:Creating package script '/home/kevin/LightChaser-Training-34/ros_ws/install/message_interface/share/message_interface/package.bash'
[0.506s] INFO:colcon.colcon_core.shell:Creating package script '/home/kevin/LightChaser-Training-34/ros_ws/install/message_interface/share/message_interface/package.zsh'
[0.506s] Level 1:colcon.colcon_core.environment:create_file_with_runtime_dependencies(/home/kevin/LightChaser-Training-34/ros_ws/install/message_interface/share/colcon-core/packages/message_interface)
[0.507s] INFO:colcon.colcon_ros.task.ament_python.build:Building ROS package in '/home/kevin/LightChaser-Training-34/ros_ws/src/node' with build type 'ament_python'
[0.507s] Level 1:colcon.colcon_core.shell:create_environment_hook('node', 'ament_prefix_path')
[0.507s] INFO:colcon.colcon_core.shell:Creating environment hook '/home/kevin/LightChaser-Training-34/ros_ws/install/node/share/node/hook/ament_prefix_path.ps1'
[0.507s] INFO:colcon.colcon_core.shell:Creating environment descriptor '/home/kevin/LightChaser-Training-34/ros_ws/install/node/share/node/hook/ament_prefix_path.dsv'
[0.507s] INFO:colcon.colcon_core.shell:Creating environment hook '/home/kevin/LightChaser-Training-34/ros_ws/install/node/share/node/hook/ament_prefix_path.sh'
[0.508s] INFO:colcon.colcon_core.shell:Skip shell extension 'powershell' for command environment: Not usable outside of PowerShell
[0.508s] DEBUG:colcon.colcon_core.shell:Skip shell extension 'dsv' for command environment
[0.650s] INFO:colcon.colcon_core.task.python.build:Building Python package in '/home/kevin/LightChaser-Training-34/ros_ws/src/node'
[0.650s] INFO:colcon.colcon_core.shell:Skip shell extension 'powershell' for command environment: Not usable outside of PowerShell
[0.650s] DEBUG:colcon.colcon_core.shell:Skip shell extension 'dsv' for command environment
[0.999s] DEBUG:colcon.colcon_core.task.python.build:Available setuptools commands: build, editable_wheel, dist_info, build_clib, upload, test, egg_info, setopt, build_py, build_ext, saveopts, bdist_wheel, install_headers, bdist_rpm, check, install_egg_info, install, update_catalog, alias, clean, install_scripts, upload_docs, develop, install_data, install_lib, compile_catalog, bdist_dumb, init_catalog, register, rotate, extract_messages, bdist_egg, bdist, sdist, symlink_data, build_scripts, easy_install
[1.000s] DEBUG:colcon.colcon_core.event_handler.log_command:Invoking command in '/home/kevin/LightChaser-Training-34/ros_ws/src/node': DEBUGINFOD_URLS=https://debuginfod.ubuntu.com LD_LIBRARY_PATH=/home/kevin/LightChaser-Training-34/ros_ws/install/message_interface/lib:/opt/MVS/lib/64:/opt/MVS/lib/32:/opt/MVS/lib/64:/opt/MVS/lib/32:/opt/ros/jazzy/opt/rviz_ogre_vendor/lib:/opt/ros/jazzy/lib/x86_64-linux-gnu:/opt/ros/jazzy/opt/gz_math_vendor/lib:/opt/ros/jazzy/opt/gz_utils_vendor/lib:/opt/ros/jazzy/opt/gz_cmake_vendor/lib:/opt/ros/jazzy/lib:/opt/MVS/lib/64:/opt/MVS/lib/32:/opt/MVS/lib/64:/opt/MVS/lib/32 PYTHONPATH=/home/kevin/LightChaser-Training-34/ros_ws/build/node/prefix_override:/usr/lib/python3/dist-packages/colcon_core/task/python/colcon_distutils_commands:/home/kevin/LightChaser-Training-34/ros_ws/install/node/lib/python3.12/site-packages:/home/kevin/LightChaser-Training-34/ros_ws/install/message_interface/lib/python3.12/site-packages:/home/kevin/LightChaser-Training-34/ros_ws/src/node/install/node/lib/python3.12/site-packages:/home/kevin/LightChaser-Training-34/ros_ws/install/node/lib/python3.12/site-packages:/opt/ros/jazzy/lib/python3.12/site-packages /usr/bin/python3 -W ignore:setup.py install is deprecated -W ignore:easy_install command is deprecated setup.py egg_info --egg-base ../../build/node build --build-base /home/kevin/LightChaser-Training-34/ros_ws/build/node/build install --record /home/kevin/LightChaser-Training-34/ros_ws/build/node/install.log --install-scripts $base/lib/node --single-version-externally-managed install_data
[1.310s] Level 1:colcon.colcon_core.environment:checking '/home/kevin/LightChaser-Training-34/ros_ws/install/node' for CMake module files
[1.310s] DEBUG:colcon.colcon_core.event_handler.log_command:Invoked command in '/home/kevin/LightChaser-Training-34/ros_ws/src/node' returned '0': DEBUGINFOD_URLS=https://debuginfod.ubuntu.com LD_LIBRARY_PATH=/home/kevin/LightChaser-Training-34/ros_ws/install/message_interface/lib:/opt/MVS/lib/64:/opt/MVS/lib/32:/opt/MVS/lib/64:/opt/MVS/lib/32:/opt/ros/jazzy/opt/rviz_ogre_vendor/lib:/opt/ros/jazzy/lib/x86_64-linux-gnu:/opt/ros/jazzy/opt/gz_math_vendor/lib:/opt/ros/jazzy/opt/gz_utils_vendor/lib:/opt/ros/jazzy/opt/gz_cmake_vendor/lib:/opt/ros/jazzy/lib:/opt/MVS/lib/64:/opt/MVS/lib/32:/opt/MVS/lib/64:/opt/MVS/lib/32 PYTHONPATH=/home/kevin/LightChaser-Training-34/ros_ws/build/node/prefix_override:/usr/lib/python3/dist-packages/colcon_core/task/python/colcon_distutils_commands:/home/kevin/LightChaser-Training-34/ros_ws/install/node/lib/python3.12/site-packages:/home/kevin/LightChaser-Training-34/ros_ws/install/message_interface/lib/python3.12/site-packages:/home/kevin/LightChaser-Training-34/ros_ws/src/node/install/node/lib/python3.12/site-packages:/home/kevin/LightChaser-Training-34/ros_ws/install/node/lib/python3.12/site-packages:/opt/ros/jazzy/lib/python3.12/site-packages /usr/bin/python3 -W ignore:setup.py install is deprecated -W ignore:easy_install command is deprecated setup.py egg_info --egg-base ../../build/node build --build-base /home/kevin/LightChaser-Training-34/ros_ws/build/node/build install --record /home/kevin/LightChaser-Training-34/ros_ws/build/node/install.log --install-scripts $base/lib/node --single-version-externally-managed install_data
[1.310s] Level 1:colcon.colcon_core.environment:checking '/home/kevin/LightChaser-Training-34/ros_ws/install/node' for CMake config files
[1.311s] Level 1:colcon.colcon_core.environment:checking '/home/kevin/LightChaser-Training-34/ros_ws/install/node/lib'
[1.311s] Level 1:colcon.colcon_core.environment:checking '/home/kevin/LightChaser-Training-34/ros_ws/install/node/bin'
[1.311s] Level 1:colcon.colcon_core.environment:checking '/home/kevin/LightChaser-Training-34/ros_ws/install/node/lib/pkgconfig/node.pc'
[1.311s] Level 1:colcon.colcon_core.environment:checking '/home/kevin/LightChaser-Training-34/ros_ws/install/node/lib/python3.12/site-packages'
[1.311s] Level 1:colcon.colcon_core.shell:create_environment_hook('node', 'pythonpath')
[1.311s] INFO:colcon.colcon_core.shell:Creating environment hook '/home/kevin/LightChaser-Training-34/ros_ws/install/node/share/node/hook/pythonpath.ps1'
[1.311s] INFO:colcon.colcon_core.shell:Creating environment descriptor '/home/kevin/LightChaser-Training-34/ros_ws/install/node/share/node/hook/pythonpath.dsv'
[1.312s] INFO:colcon.colcon_core.shell:Creating environment hook '/home/kevin/LightChaser-Training-34/ros_ws/install/node/share/node/hook/pythonpath.sh'
[1.312s] Level 1:colcon.colcon_core.environment:checking '/home/kevin/LightChaser-Training-34/ros_ws/install/node/bin'
[1.312s] Level 1:colcon.colcon_core.environment:create_environment_scripts_only(node)
[1.312s] INFO:colcon.colcon_core.shell:Creating package script '/home/kevin/LightChaser-Training-34/ros_ws/install/node/share/node/package.ps1'
[1.313s] INFO:colcon.colcon_core.shell:Creating package descriptor '/home/kevin/LightChaser-Training-34/ros_ws/install/node/share/node/package.dsv'
[1.313s] INFO:colcon.colcon_core.shell:Creating package script '/home/kevin/LightChaser-Training-34/ros_ws/install/node/share/node/package.sh'
[1.313s] INFO:colcon.colcon_core.shell:Creating package script '/home/kevin/LightChaser-Training-34/ros_ws/install/node/share/node/package.bash'
[1.313s] INFO:colcon.colcon_core.shell:Creating package script '/home/kevin/LightChaser-Training-34/ros_ws/install/node/share/node/package.zsh'
[1.313s] Level 1:colcon.colcon_core.environment:create_file_with_runtime_dependencies(/home/kevin/LightChaser-Training-34/ros_ws/install/node/share/colcon-core/packages/node)
[1.313s] DEBUG:colcon.colcon_parallel_executor.executor.parallel:closing loop
[1.314s] DEBUG:colcon.colcon_parallel_executor.executor.parallel:loop closed
[1.314s] DEBUG:colcon.colcon_parallel_executor.executor.parallel:run_until_complete finished with '0'
[1.314s] DEBUG:colcon.colcon_core.event_reactor:joining thread
[1.317s] INFO:colcon.colcon_core.plugin_system:Skipping extension 'colcon_notification.desktop_notification.terminal_notifier': Not used on non-Darwin systems
[1.317s] INFO:colcon.colcon_core.plugin_system:Skipping extension 'colcon_notification.desktop_notification.win32': Not used on non-Windows systems
[1.317s] INFO:colcon.colcon_notification.desktop_notification:Sending desktop notification using 'notify2'
[1.328s] DEBUG:colcon.colcon_core.event_reactor:joined thread
[1.328s] INFO:colcon.colcon_core.shell:Creating prefix script '/home/kevin/LightChaser-Training-34/ros_ws/install/local_setup.ps1'
[1.328s] INFO:colcon.colcon_core.shell:Creating prefix util module '/home/kevin/LightChaser-Training-34/ros_ws/install/_local_setup_util_ps1.py'
[1.329s] INFO:colcon.colcon_core.shell:Creating prefix chain script '/home/kevin/LightChaser-Training-34/ros_ws/install/setup.ps1'
[1.330s] INFO:colcon.colcon_core.shell:Creating prefix script '/home/kevin/LightChaser-Training-34/ros_ws/install/local_setup.sh'
[1.330s] INFO:colcon.colcon_core.shell:Creating prefix util module '/home/kevin/LightChaser-Training-34/ros_ws/install/_local_setup_util_sh.py'
[1.330s] INFO:colcon.colcon_core.shell:Creating prefix chain script '/home/kevin/LightChaser-Training-34/ros_ws/install/setup.sh'
[1.331s] INFO:colcon.colcon_core.shell:Creating prefix script '/home/kevin/LightChaser-Training-34/ros_ws/install/local_setup.bash'
[1.331s] INFO:colcon.colcon_core.shell:Creating prefix chain script '/home/kevin/LightChaser-Training-34/ros_ws/install/setup.bash'
[1.331s] INFO:colcon.colcon_core.shell:Creating prefix script '/home/kevin/LightChaser-Training-34/ros_ws/install/local_setup.zsh'
[1.332s] INFO:colcon.colcon_core.shell:Creating prefix chain script '/home/kevin/LightChaser-Training-34/ros_ws/install/setup.zsh'
